Archive member included to satisfy reference by file (symbol)

/usr/lib/gcc/arm-none-eabi/10.3.1/thumb/v6-m/nofp/libgcc.a(_dvmd_tls.o)
                              CMakeFiles/pid.dir/home/nslnmusic/Pico/pico-sdk/src/rp2_common/pico_divider/divider_hardware.S.o (__aeabi_idiv0)
/usr/lib/gcc/arm-none-eabi/10.3.1/../../../arm-none-eabi/lib/thumb/v6-m/nofp/libg.a(lib_a-atexit.o)
                              /usr/lib/gcc/arm-none-eabi/10.3.1/../../../arm-none-eabi/lib/thumb/v6-m/nofp/crt0.o (atexit)
/usr/lib/gcc/arm-none-eabi/10.3.1/../../../arm-none-eabi/lib/thumb/v6-m/nofp/libg.a(lib_a-calloc.o)
                              CMakeFiles/pid.dir/home/nslnmusic/Pico/pico-sdk/src/rp2_common/pico_malloc/malloc.c.o (calloc)
/usr/lib/gcc/arm-none-eabi/10.3.1/../../../arm-none-eabi/lib/thumb/v6-m/nofp/libg.a(lib_a-callocr.o)
                              /usr/lib/gcc/arm-none-eabi/10.3.1/../../../arm-none-eabi/lib/thumb/v6-m/nofp/libg.a(lib_a-calloc.o) (_calloc_r)
/usr/lib/gcc/arm-none-eabi/10.3.1/../../../arm-none-eabi/lib/thumb/v6-m/nofp/libg.a(lib_a-fini.o)
                              /usr/lib/gcc/arm-none-eabi/10.3.1/../../../arm-none-eabi/lib/thumb/v6-m/nofp/crt0.o (__libc_fini_array)
/usr/lib/gcc/arm-none-eabi/10.3.1/../../../arm-none-eabi/lib/thumb/v6-m/nofp/libg.a(lib_a-impure.o)
                              /usr/lib/gcc/arm-none-eabi/10.3.1/../../../arm-none-eabi/lib/thumb/v6-m/nofp/libg.a(lib_a-calloc.o) (_impure_ptr)
/usr/lib/gcc/arm-none-eabi/10.3.1/../../../arm-none-eabi/lib/thumb/v6-m/nofp/libg.a(lib_a-init.o)
                              /usr/lib/gcc/arm-none-eabi/10.3.1/../../../arm-none-eabi/lib/thumb/v6-m/nofp/crt0.o (__libc_init_array)
/usr/lib/gcc/arm-none-eabi/10.3.1/../../../arm-none-eabi/lib/thumb/v6-m/nofp/libg.a(lib_a-lcltime_r.o)
                              CMakeFiles/pid.dir/home/nslnmusic/Pico/pico-sdk/src/common/pico_util/datetime.c.o (localtime_r)
/usr/lib/gcc/arm-none-eabi/10.3.1/../../../arm-none-eabi/lib/thumb/v6-m/nofp/libg.a(lib_a-malloc.o)
                              CMakeFiles/pid.dir/home/nslnmusic/Pico/pico-sdk/src/rp2_common/pico_malloc/malloc.c.o (malloc)
/usr/lib/gcc/arm-none-eabi/10.3.1/../../../arm-none-eabi/lib/thumb/v6-m/nofp/libg.a(lib_a-mallocr.o)
                              /usr/lib/gcc/arm-none-eabi/10.3.1/../../../arm-none-eabi/lib/thumb/v6-m/nofp/libg.a(lib_a-callocr.o) (_malloc_r)
/usr/lib/gcc/arm-none-eabi/10.3.1/../../../arm-none-eabi/lib/thumb/v6-m/nofp/libg.a(lib_a-memcmp.o)
                              CMakeFiles/pid.dir/home/nslnmusic/Pico/pico-sdk/src/rp2_common/pico_atomic/atomic.c.o (memcmp)
/usr/lib/gcc/arm-none-eabi/10.3.1/../../../arm-none-eabi/lib/thumb/v6-m/nofp/libg.a(lib_a-mktime.o)
                              CMakeFiles/pid.dir/home/nslnmusic/Pico/pico-sdk/src/common/pico_util/datetime.c.o (mktime)
/usr/lib/gcc/arm-none-eabi/10.3.1/../../../arm-none-eabi/lib/thumb/v6-m/nofp/libg.a(lib_a-mlock.o)
                              /usr/lib/gcc/arm-none-eabi/10.3.1/../../../arm-none-eabi/lib/thumb/v6-m/nofp/libg.a(lib_a-mallocr.o) (__malloc_lock)
/usr/lib/gcc/arm-none-eabi/10.3.1/../../../arm-none-eabi/lib/thumb/v6-m/nofp/libg.a(lib_a-month_lengths.o)
                              /usr/lib/gcc/arm-none-eabi/10.3.1/../../../arm-none-eabi/lib/thumb/v6-m/nofp/libg.a(lib_a-lcltime_r.o) (__month_lengths)
/usr/lib/gcc/arm-none-eabi/10.3.1/../../../arm-none-eabi/lib/thumb/v6-m/nofp/libg.a(lib_a-realloc.o)
                              CMakeFiles/pid.dir/home/nslnmusic/Pico/pico-sdk/src/rp2_common/pico_malloc/malloc.c.o (realloc)
/usr/lib/gcc/arm-none-eabi/10.3.1/../../../arm-none-eabi/lib/thumb/v6-m/nofp/libg.a(lib_a-reallocr.o)
                              /usr/lib/gcc/arm-none-eabi/10.3.1/../../../arm-none-eabi/lib/thumb/v6-m/nofp/libg.a(lib_a-realloc.o) (_realloc_r)
/usr/lib/gcc/arm-none-eabi/10.3.1/../../../arm-none-eabi/lib/thumb/v6-m/nofp/libg.a(lib_a-sbrkr.o)
                              /usr/lib/gcc/arm-none-eabi/10.3.1/../../../arm-none-eabi/lib/thumb/v6-m/nofp/libg.a(lib_a-mallocr.o) (_sbrk_r)
/usr/lib/gcc/arm-none-eabi/10.3.1/../../../arm-none-eabi/lib/thumb/v6-m/nofp/libg.a(lib_a-strlen-stub.o)
                              CMakeFiles/pid.dir/home/nslnmusic/Pico/pico-sdk/src/rp2_common/pico_stdio/stdio.c.o (strlen)
/usr/lib/gcc/arm-none-eabi/10.3.1/../../../arm-none-eabi/lib/thumb/v6-m/nofp/libg.a(lib_a-tzcalc_limits.o)
                              /usr/lib/gcc/arm-none-eabi/10.3.1/../../../arm-none-eabi/lib/thumb/v6-m/nofp/libg.a(lib_a-lcltime_r.o) (__tzcalc_limits)
/usr/lib/gcc/arm-none-eabi/10.3.1/../../../arm-none-eabi/lib/thumb/v6-m/nofp/libg.a(lib_a-tzlock.o)
                              /usr/lib/gcc/arm-none-eabi/10.3.1/../../../arm-none-eabi/lib/thumb/v6-m/nofp/libg.a(lib_a-lcltime_r.o) (__tz_lock)
/usr/lib/gcc/arm-none-eabi/10.3.1/../../../arm-none-eabi/lib/thumb/v6-m/nofp/libg.a(lib_a-tzset.o)
[...]
Memory Configuration

Name             Origin             Length             Attributes
FLASH            0x0000000010000000 0x0000000000200000 xr
RAM              0x0000000020000000 0x0000000000040000 xrw
SCRATCH_X        0x0000000020040000 0x0000000000001000 xrw
SCRATCH_Y        0x0000000020041000 0x0000000000001000 xrw
*default*        0x0000000000000000 0xffffffffffffffff

Linker script and memory map

LOAD /usr/lib/gcc/arm-none-eabi/10.3.1/thumb/v6-m/nofp/crti.o
LOAD /usr/lib/gcc/arm-none-eabi/10.3.1/thumb/v6-m/nofp/crtbegin.o
LOAD /usr/lib/gcc/arm-none-eabi/10.3.1/../../../arm-none-eabi/lib/thumb/v6-m/nofp/crt0.o

.flash_begin    0x0000000010000000        0x0
                0x0000000010000000                __flash_binary_start = .

.boot2          0x0000000010000000      0x100
                0x0000000010000000                __boot2_start__ = .
 *(.boot2)
 .boot2         0x0000000010000000      0x100 pico-sdk/src/rp2040/boot_stage2/CMakeFiles/bs2_default_library.dir/bs2_default_padded_checksummed.S.o
                0x0000000010000100                __boot2_end__ = .
                0x0000000000000001                ASSERT (((__boot2_end__ - __boot2_start__) == 0x100), ERROR: Pico second stage bootloader must be 256 bytes in size)

.text           0x0000000010000100     0x201c
                0x0000000010000100                __logical_binary_start = .
 *(.vectors)
 .vectors       0x0000000010000100       0xd4 CMakeFiles/pid.dir/home/nslnmusic/Pico/pico-sdk/src/rp2_common/pico_crt0/crt0.S.o
                0x0000000010000100                __vectors
                0x0000000010000100                __VECTOR_TABLE
                0x00000000100001c0                isr_invalid
                0x00000000100001c0                __default_isrs_start
                0x00000000100001c2                isr_nmi
                0x00000000100001c4                isr_hardfault
                0x00000000100001c6                isr_svcall
                0x00000000100001c8                isr_pendsv
                0x00000000100001ca                isr_systick
                0x00000000100001cc                isr_irq30
                0x00000000100001cc                __unhandled_user_irq
                0x00000000100001cc                isr_irq13
                0x00000000100001cc                isr_irq27
                0x00000000100001cc                isr_irq31
                0x00000000100001cc                isr_irq5
                0x00000000100001cc                isr_irq11
                0x00000000100001cc                isr_irq23
                0x00000000100001cc                isr_irq18
                0x00000000100001cc                isr_irq28
                0x00000000100001cc                isr_irq19
                0x00000000100001cc                isr_irq0
                0x00000000100001cc                isr_irq6
                0x00000000100001cc                isr_irq22
                0x00000000100001cc                isr_irq17
                0x00000000100001cc                isr_irq14
                0x00000000100001cc                isr_irq2
                0x00000000100001cc                isr_irq10
                0x00000000100001cc                isr_irq8
                0x00000000100001cc                isr_irq24
                0x00000000100001cc                isr_irq1
                0x00000000100001cc                isr_irq7
                0x00000000100001cc                isr_irq21
                0x00000000100001cc                isr_irq20
                0x00000000100001cc                isr_irq15
                0x00000000100001cc                isr_irq25
                0x00000000100001cc                isr_irq4
                0x00000000100001cc                isr_irq16
                0x00000000100001cc                isr_irq29
                0x00000000100001cc                isr_irq26
                0x00000000100001cc                __default_isrs_end
                0x00000000100001cc                isr_irq3
                0x00000000100001cc                isr_irq12
                0x00000000100001cc                isr_irq9
                0x00000000100001d2                unhandled_user_irq_num_in_r0
 *(.binary_info_header)
 .binary_info_header
                0x00000000100001d4       0x14 CMakeFiles/pid.dir/home/nslnmusic/Pico/pico-sdk/src/rp2_common/pico_crt0/crt0.S.o
                0x00000000100001e8                __binary_info_header_end = .
 *(.embedded_block)
                0x00000000100001e8                __embedded_block_end = .
 *(.reset)
 .reset         0x00000000100001e8       0x9c CMakeFiles/pid.dir/home/nslnmusic/Pico/pico-sdk/src/rp2_common/pico_crt0/crt0.S.o
                0x00000000100001e8                _entry_point
 *(.init)
 .init          0x0000000010000284        0x4 /usr/lib/gcc/arm-none-eabi/10.3.1/thumb/v6-m/nofp/crti.o
                0x0000000010000284                _init
 *(EXCLUDE_FILE(*libm.a: *libc.a:*lib_a-mem*.o *libgcc.a:) .text*)
 .text          0x0000000010000288       0x98 /usr/lib/gcc/arm-none-eabi/10.3.1/thumb/v6-m/nofp/crtbegin.o
 .text._Z11on_pwm_wrapv
                0x0000000010000320      0x154 CMakeFiles/pid.dir/pid/temp_pid.cpp.o
                0x0000000010000320                on_pwm_wrap()
 .text.startup.main
                0x0000000010000474      0x130 CMakeFiles/pid.dir/pid/temp_pid.cpp.o
                0x0000000010000474                main
 .text.gpio_set_function
                0x00000000100005a4       0x34 CMakeFiles/pid.dir/home/nslnmusic/Pico/pico-sdk/src/rp2_common/hardware_gpio/gpio.c.o
                0x00000000100005a4                gpio_set_function
 .text.panic    0x00000000100005d8       0x30 CMakeFiles/pid.dir/home/nslnmusic/Pico/pico-sdk/src/rp2_common/pico_platform_panic/panic.c.o
                0x00000000100005d8                panic
 .text.hw_claim_or_assert
                0x0000000010000608       0x44 CMakeFiles/pid.dir/home/nslnmusic/Pico/pico-sdk/src/common/hardware_claim/claim.c.o
                0x0000000010000608                hw_claim_or_assert
 .text.next_striped_spin_lock_num
                0x000000001000064c       0x18 CMakeFiles/pid.dir/home/nslnmusic/Pico/pico-sdk/src/rp2_common/hardware_sync/sync.c.o
                0x000000001000064c                next_striped_spin_lock_num
 .text.spin_locks_reset
                0x0000000010000664       0x1c CMakeFiles/pid.dir/home/nslnmusic/Pico/pico-sdk/src/rp2_common/hardware_sync_spin_lock/sync_spin_lock.c.o
                0x0000000010000664                spin_locks_reset
 .text.runtime_init_per_core_irq_priorities
                0x0000000010000680       0x24 CMakeFiles/pid.dir/home/nslnmusic/Pico/pico-sdk/src/rp2_common/hardware_irq/irq.c.o
                0x0000000010000680                runtime_init_per_core_irq_priorities
 .text.irq_set_enabled
                0x00000000100006a4       0x24 CMakeFiles/pid.dir/home/nslnmusic/Pico/pico-sdk/src/rp2_common/hardware_irq/irq.c.o
                0x00000000100006a4                irq_set_enabled
 .text.irq_set_exclusive_handler
                0x00000000100006c8       0x54 CMakeFiles/pid.dir/home/nslnmusic/Pico/pico-sdk/src/rp2_common/hardware_irq/irq.c.o
                0x00000000100006c8                irq_set_exclusive_handler
 .text.irq_remove_handler
                0x000000001000071c      0x1c4 CMakeFiles/pid.dir/home/nslnmusic/Pico/pico-sdk/src/rp2_common/hardware_irq/irq.c.o
                0x000000001000071c                irq_remove_handler
 .text.irq_add_tail_to_free_list
                0x00000000100008e0       0xb4 CMakeFiles/pid.dir/home/nslnmusic/Pico/pico-sdk/src/rp2_common/hardware_irq/irq.c.o
                0x00000000100008e0                irq_add_tail_to_free_list
 .text.lock_init
                0x0000000010000994       0x10 CMakeFiles/pid.dir/home/nslnmusic/Pico/pico-sdk/src/common/pico_sync/lock_core.c.o
                0x0000000010000994                lock_init
 .text.runtime_init_mutex
                0x00000000100009a4       0x58 CMakeFiles/pid.dir/home/nslnmusic/Pico/pico-sdk/src/common/pico_sync/mutex.c.o
                0x00000000100009a4                runtime_init_mutex
 .text.sleep_until_callback
                0x00000000100009fc       0x30 CMakeFiles/pid.dir/home/nslnmusic/Pico/pico-sdk/src/common/pico_time/time.c.o
 .text.alarm_pool_irq_handler
                0x0000000010000a2c      0x308 CMakeFiles/pid.dir/home/nslnmusic/Pico/pico-sdk/src/common/pico_time/time.c.o
 .text.runtime_init_default_alarm_pool
                0x0000000010000d34       0xdc CMakeFiles/pid.dir/home/nslnmusic/Pico/pico-sdk/src/common/pico_time/time.c.o
                0x0000000010000d34                runtime_init_default_alarm_pool
 .text.alarm_pool_add_alarm_at_force_in_context
                0x0000000010000e10       0xb0 CMakeFiles/pid.dir/home/nslnmusic/Pico/pico-sdk/src/common/pico_time/time.c.o
                0x0000000010000e10                alarm_pool_add_alarm_at_force_in_context
 .text.alarm_pool_cancel_alarm
                0x0000000010000ec0       0x7c CMakeFiles/pid.dir/home/nslnmusic/Pico/pico-sdk/src/common/pico_time/time.c.o
                0x0000000010000ec0                alarm_pool_cancel_alarm
 .text.best_effort_wfe_or_timeout
                0x0000000010000f3c       0xe0 CMakeFiles/pid.dir/home/nslnmusic/Pico/pico-sdk/src/common/pico_time/time.c.o
                0x0000000010000f3c                best_effort_wfe_or_timeout
 .text.timer_hardware_alarm_claim
                0x000000001000101c       0x14 CMakeFiles/pid.dir/home/nslnmusic/Pico/pico-sdk/src/rp2_common/hardware_timer/timer.c.o
                0x000000001000101c                timer_hardware_alarm_claim
 .text.timer_time_us_64
                0x0000000010001030       0x10 CMakeFiles/pid.dir/home/nslnmusic/Pico/pico-sdk/src/rp2_common/hardware_timer/timer.c.o
                0x0000000010001030                timer_time_us_64
 .text.time_us_64
                0x0000000010001040       0x14 CMakeFiles/pid.dir/home/nslnmusic/Pico/pico-sdk/src/rp2_common/hardware_timer/timer.c.o
                0x0000000010001040                time_us_64
 .text.busy_wait_us
                0x0000000010001054       0x54 CMakeFiles/pid.dir/home/nslnmusic/Pico/pico-sdk/src/rp2_common/hardware_timer/timer.c.o
                0x0000000010001054                busy_wait_us
 .text.uart_init
                0x00000000100010a8      0x11c CMakeFiles/pid.dir/home/nslnmusic/Pico/pico-sdk/src/rp2_common/hardware_uart/uart.c.o
                0x00000000100010a8                uart_init
 .text.clock_configure_int_divider
                0x00000000100011c4       0xf4 CMakeFiles/pid.dir/home/nslnmusic/Pico/pico-sdk/src/rp2_common/hardware_clocks/clocks.c.o
                0x00000000100011c4                clock_configure_int_divider
 .text.clock_configure_undivided
                0x00000000100012b8       0xe8 CMakeFiles/pid.dir/home/nslnmusic/Pico/pico-sdk/src/rp2_common/hardware_clocks/clocks.c.o
                0x00000000100012b8                clock_configure_undivided
 .text.clock_get_hz
                0x00000000100013a0        0xc CMakeFiles/pid.dir/home/nslnmusic/Pico/pico-sdk/src/rp2_common/hardware_clocks/clocks.c.o
                0x00000000100013a0                clock_get_hz
 .text.pll_init
                0x00000000100013ac       0xa0 CMakeFiles/pid.dir/home/nslnmusic/Pico/pico-sdk/src/rp2_common/hardware_pll/pll.c.o
                0x00000000100013ac                pll_init
 .text.tick_start
                0x000000001000144c       0x10 CMakeFiles/pid.dir/home/nslnmusic/Pico/pico-sdk/src/rp2_common/hardware_ticks/ticks.c.o
                0x000000001000144c                tick_start
 .text.rom_func_lookup
                0x000000001000145c       0x10 CMakeFiles/pid.dir/home/nslnmusic/Pico/pico-sdk/src/rp2_common/pico_bootrom/bootrom.c.o
                0x000000001000145c                rom_func_lookup
 .text.rom_data_lookup
                0x000000001000146c       0x10 CMakeFiles/pid.dir/home/nslnmusic/Pico/pico-sdk/src/rp2_common/pico_bootrom/bootrom.c.o
                0x000000001000146c                rom_data_lookup
 .text.rom_funcs_lookup
                0x000000001000147c       0x44 CMakeFiles/pid.dir/home/nslnmusic/Pico/pico-sdk/src/rp2_common/pico_bootrom/bootrom.c.o
                0x000000001000147c                rom_funcs_lookup
 .text.rom_reset_usb_boot_extra
                0x00000000100014c0       0x28 CMakeFiles/pid.dir/home/nslnmusic/Pico/pico-sdk/src/rp2_common/pico_bootrom/bootrom.c.o
                0x00000000100014c0                rom_reset_usb_boot_extra
 .text.xosc_init
                0x00000000100014e8       0x28 CMakeFiles/pid.dir/home/nslnmusic/Pico/pico-sdk/src/rp2_common/hardware_xosc/xosc.c.o
                0x00000000100014e8                xosc_init
 .text.first_per_core_initializer
                0x0000000010001510        0x4 CMakeFiles/pid.dir/home/nslnmusic/Pico/pico-sdk/src/rp2_common/pico_runtime/runtime.c.o
 .text.hard_assertion_failure
                0x0000000010001514        0xc CMakeFiles/pid.dir/home/nslnmusic/Pico/pico-sdk/src/rp2_common/pico_runtime/runtime.c.o
                0x0000000010001514                hard_assertion_failure
 .text.runtime_run_initializers
                0x0000000010001520       0x28 CMakeFiles/pid.dir/home/nslnmusic/Pico/pico-sdk/src/rp2_common/pico_runtime/runtime.c.o
                0x0000000010001520                runtime_run_initializers
 .text.runtime_init_early_resets
                0x0000000010001548       0x2c CMakeFiles/pid.dir/home/nslnmusic/Pico/pico-sdk/src/rp2_common/pico_runtime_init/runtime_init.c.o
                0x0000000010001548                runtime_init_early_resets
 .text.runtime_init_usb_power_down
                0x0000000010001574       0x1c CMakeFiles/pid.dir/home/nslnmusic/Pico/pico-sdk/src/rp2_common/pico_runtime_init/runtime_init.c.o
                0x0000000010001574                runtime_init_usb_power_down
 .text.runtime_init_post_clock_resets
                0x0000000010001590       0x20 CMakeFiles/pid.dir/home/nslnmusic/Pico/pico-sdk/src/rp2_common/pico_runtime_init/runtime_init.c.o
                0x0000000010001590                runtime_init_post_clock_resets
 .text.runtime_init_rp2040_gpio_ie_disable
                0x00000000100015b0       0x14 CMakeFiles/pid.dir/home/nslnmusic/Pico/pico-sdk/src/rp2_common/pico_runtime_init/runtime_init.c.o
                0x00000000100015b0                runtime_init_rp2040_gpio_ie_disable
 .text.runtime_init_spin_locks_reset
                0x00000000100015c4        0x8 CMakeFiles/pid.dir/home/nslnmusic/Pico/pico-sdk/src/rp2_common/pico_runtime_init/runtime_init.c.o
                0x00000000100015c4                runtime_init_spin_locks_reset
 .text.runtime_init_install_ram_vector_table
                0x00000000100015cc       0x1c CMakeFiles/pid.dir/home/nslnmusic/Pico/pico-sdk/src/rp2_common/pico_runtime_init/runtime_init.c.o
                0x00000000100015cc                runtime_init_install_ram_vector_table
 .text.runtime_init_clocks
                0x00000000100015e8       0xd8 CMakeFiles/pid.dir/home/nslnmusic/Pico/pico-sdk/src/rp2_common/pico_runtime_init/runtime_init_clocks.c.o
                0x00000000100015e8                runtime_init_clocks
 .text          0x00000000100016c0       0x10 CMakeFiles/pid.dir/home/nslnmusic/Pico/pico-sdk/src/rp2_common/pico_bit_ops/bit_ops_aeabi.S.o
 .text.__wrap___aeabi_uidiv
                0x00000000100016d0       0x4c CMakeFiles/pid.dir/home/nslnmusic/Pico/pico-sdk/src/rp2_common/pico_divider/divider_hardware.S.o
                0x00000000100016d0                __wrap___aeabi_uidiv
                0x00000000100016d0                __wrap___aeabi_uidivmod
                0x00000000100016d0                div_u32u32
                0x00000000100016d0                divmod_u32u32
                0x00000000100016d8                divmod_u32u32_unsafe
                0x0000000010001700                divmod_u32u32_savestate
 .text.__aeabi_double_init
                0x000000001000171c       0xa0 CMakeFiles/pid.dir/home/nslnmusic/Pico/pico-sdk/src/rp2_common/pico_double/double_init_rom_rp2040.c.o
                0x000000001000171c                __aeabi_double_init
 .text.double_table_shim_on_use_helper
                0x00000000100017bc       0x2c CMakeFiles/pid.dir/home/nslnmusic/Pico/pico-sdk/src/rp2_common/pico_double/double_v1_rom_shim_rp2040.S.o
                0x00000000100017bc                double_table_shim_on_use_helper
 .text.__wrap___aeabi_farithmetic
                0x00000000100017e8       0x48 CMakeFiles/pid.dir/home/nslnmusic/Pico/pico-sdk/src/rp2_common/pico_float/float_aeabi_rp2040.S.o
                0x00000000100017e8                __wrap___aeabi_frsub
                0x00000000100017ee                __wrap___aeabi_fsub
                0x00000000100017f4                __wrap___aeabi_fadd
                0x00000000100017fa                __wrap___aeabi_fdiv
                0x0000000010001822                __wrap___aeabi_fmul
 .text.__wrap___aeabi_i2f
                0x0000000010001830       0x44 CMakeFiles/pid.dir/home/nslnmusic/Pico/pico-sdk/src/rp2_common/pico_float/float_aeabi_rp2040.S.o
                0x0000000010001830                int2float
                0x0000000010001830                __wrap___aeabi_i2f
 .text.__wrap___aeabi_f2iz
                0x0000000010001874       0x4e CMakeFiles/pid.dir/home/nslnmusic/Pico/pico-sdk/src/rp2_common/pico_float/float_aeabi_rp2040.S.o
                0x0000000010001874                __wrap___aeabi_f2iz
                0x0000000010001874                float2int_z
 *fill*         0x00000000100018c2        0x2 
 .text.float2int
                0x00000000100018c4       0x14 CMakeFiles/pid.dir/home/nslnmusic/Pico/pico-sdk/src/rp2_common/pico_float/float_aeabi_rp2040.S.o
                0x00000000100018c4                float2int
 .text.__wrap___aeabi_f2uiz
                0x00000000100018d8        0xc CMakeFiles/pid.dir/home/nslnmusic/Pico/pico-sdk/src/rp2_common/pico_float/float_aeabi_rp2040.S.o
                0x00000000100018d8                float2uint_z
                0x00000000100018d8                __wrap___aeabi_f2uiz
 .text.__aeabi_float_init
                0x00000000100018e4       0x64 CMakeFiles/pid.dir/home/nslnmusic/Pico/pico-sdk/src/rp2_common/pico_float/float_init_rom_rp2040.c.o
                0x00000000100018e4                __aeabi_float_init
 .text.float_table_shim_on_use_helper
                0x0000000010001948       0x2c CMakeFiles/pid.dir/home/nslnmusic/Pico/pico-sdk/src/rp2_common/pico_float/float_v1_rom_shim_rp2040.S.o
                0x0000000010001948                float_table_shim_on_use_helper
 .text.float232_shims
                0x0000000010001974       0x18 CMakeFiles/pid.dir/home/nslnmusic/Pico/pico-sdk/src/rp2_common/pico_float/float_v1_rom_shim_rp2040.S.o
                0x0000000010001974                float2int_shim
                0x0000000010001976                float2fix_shim
 .text          0x000000001000198c       0x10 CMakeFiles/pid.dir/home/nslnmusic/Pico/pico-sdk/src/rp2_common/pico_mem_ops/mem_ops_aeabi.S.o
                0x000000001000198c                __aeabi_mem_init
 .text.memcpy   0x000000001000199c        0xc CMakeFiles/pid.dir/home/nslnmusic/Pico/pico-sdk/src/rp2_common/pico_mem_ops/mem_ops_aeabi.S.o
                0x000000001000199c                __wrap___aeabi_memcpy
                0x000000001000199c                __wrap_memcpy
 .text._out_char
                0x00000000100019a8       0x10 CMakeFiles/pid.dir/home/nslnmusic/Pico/pico-sdk/src/rp2_common/pico_printf/printf.c.o
 .text.weak_raw_vprintf
                0x00000000100019b8       0x30 CMakeFiles/pid.dir/home/nslnmusic/Pico/pico-sdk/src/rp2_common/pico_printf/printf.c.o
                0x00000000100019b8                weak_raw_vprintf
 .text._exit    0x00000000100019e8        0x4 CMakeFiles/pid.dir/home/nslnmusic/Pico/pico-sdk/src/rp2_common/pico_clib_interface/newlib_interface.c.o
                0x00000000100019e8                _exit
 .text.exit     0x00000000100019ec        0x8 CMakeFiles/pid.dir/home/nslnmusic/Pico/pico-sdk/src/rp2_common/pico_clib_interface/newlib_interface.c.o
                0x00000000100019ec                exit
 .text.runtime_init
                0x00000000100019f4       0x2c CMakeFiles/pid.dir/home/nslnmusic/Pico/pico-sdk/src/rp2_common/pico_clib_interface/newlib_interface.c.o
                0x00000000100019f4                runtime_init
 .text.stdio_out_chars_no_crlf
                0x0000000010001a20       0x10 CMakeFiles/pid.dir/home/nslnmusic/Pico/pico-sdk/src/rp2_common/pico_stdio/stdio.c.o
 .text.stdio_out_chars_crlf
                0x0000000010001a30       0xb4 CMakeFiles/pid.dir/home/nslnmusic/Pico/pico-sdk/src/rp2_common/pico_stdio/stdio.c.o
 .text.stdio_put_string
                0x0000000010001ae4      0x100 CMakeFiles/pid.dir/home/nslnmusic/Pico/pico-sdk/src/rp2_common/pico_stdio/stdio.c.o
                0x0000000010001ae4                stdio_put_string
 .text.stdio_set_driver_enabled
                0x0000000010001be4       0x30 CMakeFiles/pid.dir/home/nslnmusic/Pico/pico-sdk/src/rp2_common/pico_stdio/stdio.c.o
                0x0000000010001be4                stdio_set_driver_enabled
 .text.stdio_init_all
                0x0000000010001c14        0xc CMakeFiles/pid.dir/home/nslnmusic/Pico/pico-sdk/src/rp2_common/pico_stdio/stdio.c.o
                0x0000000010001c14                stdio_init_all
 .text.__wrap_putchar
                0x0000000010001c20       0x98 CMakeFiles/pid.dir/home/nslnmusic/Pico/pico-sdk/src/rp2_common/pico_stdio/stdio.c.o
                0x0000000010001c20                stdio_putchar
                0x0000000010001c20                __wrap_putchar
 .text.__wrap_puts
                0x0000000010001cb8       0x3c CMakeFiles/pid.dir/home/nslnmusic/Pico/pico-sdk/src/rp2_common/pico_stdio/stdio.c.o
                0x0000000010001cb8                __wrap_puts
                0x0000000010001cb8                stdio_puts
 .text.stdio_uart_out_chars
                0x0000000010001cf4       0x4c CMakeFiles/pid.dir/home/nslnmusic/Pico/pico-sdk/src/rp2_common/pico_stdio_uart/stdio_uart.c.o
 .text.stdio_uart_in_chars
                0x0000000010001d40       0x84 CMakeFiles/pid.dir/home/nslnmusic/Pico/pico-sdk/src/rp2_common/pico_stdio_uart/stdio_uart.c.o
                0x0000000010001d40                stdio_uart_in_chars
 .text.on_uart_rx
                0x0000000010001dc4       0x28 CMakeFiles/pid.dir/home/nslnmusic/Pico/pico-sdk/src/rp2_common/pico_stdio_uart/stdio_uart.c.o
 .text.stdio_uart_out_flush
                0x0000000010001dec       0x14 CMakeFiles/pid.dir/home/nslnmusic/Pico/pico-sdk/src/rp2_common/pico_stdio_uart/stdio_uart.c.o
 .text.stdio_uart_set_chars_available_callback
                0x0000000010001e00       0x88 CMakeFiles/pid.dir/home/nslnmusic/Pico/pico-sdk/src/rp2_common/pico_stdio_uart/stdio_uart.c.o
 .text.stdio_uart_init
                0x0000000010001e88       0x50 CMakeFiles/pid.dir/home/nslnmusic/Pico/pico-sdk/src/rp2_common/pico_stdio_uart/stdio_uart.c.o
                0x0000000010001e88                stdio_uart_init
 .text.startup.boot_double_tap_check
                0x0000000010001ed8       0x5c CMakeFiles/pid.dir/home/nslnmusic/Pico/pico-sdk/src/rp2_common/pico_bootsel_via_double_reset/pico_bootsel_via_double_reset.c.o
 .text.i2c_set_baudrate
                0x0000000010001f34       0xc0 CMakeFiles/pid.dir/home/nslnmusic/Pico/pico-sdk/src/rp2_common/hardware_i2c/i2c.c.o
                0x0000000010001f34                i2c_set_baudrate
 .text.i2c_init
                0x0000000010001ff4       0x54 CMakeFiles/pid.dir/home/nslnmusic/Pico/pico-sdk/src/rp2_common/hardware_i2c/i2c.c.o
                0x0000000010001ff4                i2c_init
 .text          0x0000000010002048       0x5c /usr/lib/gcc/arm-none-eabi/10.3.1/../../../arm-none-eabi/lib/thumb/v6-m/nofp/libg.a(lib_a-strlen-stub.o)
                0x0000000010002048                strlen
 *(.fini)
 .fini          0x00000000100020a4        0x4 /usr/lib/gcc/arm-none-eabi/10.3.1/thumb/v6-m/nofp/crti.o
                0x00000000100020a4                _fini
 .fini.__stub   0x00000000100020a8       0x30 linker stubs
 *crtbegin.o(.ctors)
 *crtbegin?.o(.ctors)
 *(EXCLUDE_FILE(*crtend.o *crtend?.o) .ctors)
 *(SORT_BY_NAME(.ctors.*))
 *(.ctors)
 *crtbegin.o(.dtors)
 *crtbegin?.o(.dtors)
 *(EXCLUDE_FILE(*crtend.o *crtend?.o) .dtors)
 *(SORT_BY_NAME(.dtors.*))
 *(.dtors)
                0x00000000100020d8                . = ALIGN (0x4)
                0x00000000100020d8                PROVIDE (__preinit_array_start = .)
 *(SORT_BY_NAME(.preinit_array.*))
 .preinit_array.00100
                0x00000000100020d8        0x4 CMakeFiles/pid.dir/home/nslnmusic/Pico/pico-sdk/src/rp2_common/pico_runtime_init/runtime_init.c.o
                0x00000000100020d8                __pre_init_runtime_init_early_resets
 .preinit_array.00101
                0x00000000100020dc        0x4 CMakeFiles/pid.dir/home/nslnmusic/Pico/pico-sdk/src/rp2_common/pico_runtime_init/runtime_init.c.o
                0x00000000100020dc                __pre_init_runtime_init_usb_power_down
 .preinit_array.00275
                0x00000000100020e0        0x4 CMakeFiles/pid.dir/home/nslnmusic/Pico/pico-sdk/src/rp2_common/pico_bit_ops/bit_ops_aeabi.S.o
 .preinit_array.00300
                0x00000000100020e4        0x4 CMakeFiles/pid.dir/home/nslnmusic/Pico/pico-sdk/src/rp2_common/pico_mem_ops/mem_ops_aeabi.S.o
 .preinit_array.00350
                0x00000000100020e8        0x4 CMakeFiles/pid.dir/home/nslnmusic/Pico/pico-sdk/src/rp2_common/pico_double/double_aeabi_rp2040.S.o
 .preinit_array.00350
                0x00000000100020ec        0x4 CMakeFiles/pid.dir/home/nslnmusic/Pico/pico-sdk/src/rp2_common/pico_float/float_aeabi_rp2040.S.o
 .preinit_array.00500
                0x00000000100020f0        0x4 CMakeFiles/pid.dir/home/nslnmusic/Pico/pico-sdk/src/rp2_common/pico_runtime_init/runtime_init.c.o
                0x00000000100020f0                __pre_init_runtime_init_clocks
 .preinit_array.00600
                0x00000000100020f4        0x4 CMakeFiles/pid.dir/home/nslnmusic/Pico/pico-sdk/src/rp2_common/pico_runtime_init/runtime_init.c.o
                0x00000000100020f4                __pre_init_runtime_init_post_clock_resets
 .preinit_array.00700
                0x00000000100020f8        0x4 CMakeFiles/pid.dir/home/nslnmusic/Pico/pico-sdk/src/rp2_common/pico_runtime_init/runtime_init.c.o
                0x00000000100020f8                __pre_init_runtime_init_rp2040_gpio_ie_disable
 .preinit_array.01000
                0x00000000100020fc        0x4 CMakeFiles/pid.dir/home/nslnmusic/Pico/pico-sdk/src/rp2_common/pico_runtime_init/runtime_init.c.o
                0x00000000100020fc                __pre_init_runtime_init_spin_locks_reset
 .preinit_array.01100
                0x0000000010002100        0x4 CMakeFiles/pid.dir/home/nslnmusic/Pico/pico-sdk/src/common/pico_sync/mutex.c.o
                0x0000000010002100                __pre_init_runtime_init_mutex
 .preinit_array.10080
                0x0000000010002104        0x4 CMakeFiles/pid.dir/home/nslnmusic/Pico/pico-sdk/src/rp2_common/pico_runtime_init/runtime_init.c.o
                0x0000000010002104                __pre_init_runtime_init_install_ram_vector_table
 .preinit_array.11000
                0x0000000010002108        0x4 CMakeFiles/pid.dir/home/nslnmusic/Pico/pico-sdk/src/common/pico_time/time.c.o
                0x0000000010002108                __pre_init_runtime_init_default_alarm_pool
 .preinit_array.YYYYY
                0x000000001000210c        0x4 CMakeFiles/pid.dir/home/nslnmusic/Pico/pico-sdk/src/rp2_common/pico_runtime/runtime.c.o
                0x000000001000210c                __pre_init_first_per_core_initializer
 .preinit_array.ZZZZZ.01200
                0x0000000010002110        0x4 CMakeFiles/pid.dir/home/nslnmusic/Pico/pico-sdk/src/rp2_common/hardware_irq/irq.c.o
                0x0000000010002110                __pre_init_runtime_init_per_core_irq_priorities
 *(.preinit_array)
                0x0000000010002114                PROVIDE (__preinit_array_end = .)
                0x0000000010002114                . = ALIGN (0x4)
                0x0000000010002114                PROVIDE (__init_array_start = .)
 *(SORT_BY_NAME(.init_array.*))
 *(.init_array)
 .init_array    0x0000000010002114        0x4 /usr/lib/gcc/arm-none-eabi/10.3.1/thumb/v6-m/nofp/crtbegin.o
 .init_array    0x0000000010002118        0x4 CMakeFiles/pid.dir/home/nslnmusic/Pico/pico-sdk/src/rp2_common/pico_bootsel_via_double_reset/pico_bootsel_via_double_reset.c.o
                0x000000001000211c                PROVIDE (__init_array_end = .)
                0x000000001000211c                . = ALIGN (0x4)
                0x000000001000211c                PROVIDE (__fini_array_start = .)
 *(SORT_BY_NAME(.fini_array.*))
 *(.fini_array)
                0x000000001000211c                PROVIDE (__fini_array_end = .)
 *(.eh_frame*)
 .eh_frame      0x000000001000211c        0x0 /usr/lib/gcc/arm-none-eabi/10.3.1/thumb/v6-m/nofp/crtbegin.o
                0x000000001000211c                . = ALIGN (0x4)

.glue_7         0x000000001000211c        0x0
 .glue_7        0x000000001000211c        0x0 linker stubs

.glue_7t        0x000000001000211c        0x0
 .glue_7t       0x000000001000211c        0x0 linker stubs

.vfp11_veneer   0x000000001000211c        0x0
 .vfp11_veneer  0x000000001000211c        0x0 linker stubs

.v4_bx          0x000000001000211c        0x0
 .v4_bx         0x000000001000211c        0x0 linker stubs

.iplt           0x000000001000211c        0x0
 .iplt          0x000000001000211c        0x0 /usr/lib/gcc/arm-none-eabi/10.3.1/thumb/v6-m/nofp/crtbegin.o

.rodata         0x000000001000211c      0x140
 *(EXCLUDE_FILE(*libm.a: *libc.a:*lib_a-mem*.o *libgcc.a:) .rodata*)
 .rodata.panic.str1.4
                0x000000001000211c       0x12 CMakeFiles/pid.dir/home/nslnmusic/Pico/pico-sdk/src/rp2_common/pico_platform_panic/panic.c.o
 *fill*         0x000000001000212e        0x2 
 .rodata.timer_hardware_alarm_claim.str1.4
                0x0000000010002130       0x22 CMakeFiles/pid.dir/home/nslnmusic/Pico/pico-sdk/src/rp2_common/hardware_timer/timer.c.o
 *fill*         0x0000000010002152        0x2 
 .rodata.hard_assertion_failure.str1.4
                0x0000000010002154        0xc CMakeFiles/pid.dir/home/nslnmusic/Pico/pico-sdk/src/rp2_common/pico_runtime/runtime.c.o
 .rodata.str1.4
                0x0000000010002160       0x38 CMakeFiles/pid.dir/home/nslnmusic/Pico/pico-sdk/src/rp2_common/pico_standard_binary_info/standard_binary_info.c.o
 .rodata.__bi_26
                0x0000000010002198        0xc CMakeFiles/pid.dir/home/nslnmusic/Pico/pico-sdk/src/rp2_common/pico_standard_binary_info/standard_binary_info.c.o
 .rodata.__bi_34
                0x00000000100021a4        0xc CMakeFiles/pid.dir/home/nslnmusic/Pico/pico-sdk/src/rp2_common/pico_standard_binary_info/standard_binary_info.c.o
 .rodata.__bi_42
                0x00000000100021b0        0xc CMakeFiles/pid.dir/home/nslnmusic/Pico/pico-sdk/src/rp2_common/pico_standard_binary_info/standard_binary_info.c.o
 .rodata.__bi_48
                0x00000000100021bc        0xc CMakeFiles/pid.dir/home/nslnmusic/Pico/pico-sdk/src/rp2_common/pico_standard_binary_info/standard_binary_info.c.o
 .rodata.__bi_54
                0x00000000100021c8        0xc CMakeFiles/pid.dir/home/nslnmusic/Pico/pico-sdk/src/rp2_common/pico_standard_binary_info/standard_binary_info.c.o
 .rodata.__bi_78
                0x00000000100021d4        0xc CMakeFiles/pid.dir/home/nslnmusic/Pico/pico-sdk/src/rp2_common/pico_standard_binary_info/standard_binary_info.c.o
 .rodata.__bi_84
                0x00000000100021e0        0xc CMakeFiles/pid.dir/home/nslnmusic/Pico/pico-sdk/src/rp2_common/pico_standard_binary_info/standard_binary_info.c.o
 .rodata.crlf_str.0
                0x00000000100021ec        0x2 CMakeFiles/pid.dir/home/nslnmusic/Pico/pico-sdk/src/rp2_common/pico_stdio/stdio.c.o
 *fill*         0x00000000100021ee        0x2 
 .rodata.str1.4
                0x00000000100021f0       0x2c CMakeFiles/pid.dir/home/nslnmusic/Pico/pico-sdk/src/rp2_common/pico_stdio_uart/stdio_uart.c.o
 .rodata.__bi_45.4
                0x000000001000221c        0xc CMakeFiles/pid.dir/home/nslnmusic/Pico/pico-sdk/src/rp2_common/pico_stdio_uart/stdio_uart.c.o
 .rodata.__bi_49.5
                0x0000000010002228        0x8 CMakeFiles/pid.dir/home/nslnmusic/Pico/pico-sdk/src/rp2_common/pico_stdio_uart/stdio_uart.c.o
 .rodata.__bi_50.6
                0x0000000010002230        0x8 CMakeFiles/pid.dir/home/nslnmusic/Pico/pico-sdk/src/rp2_common/pico_stdio_uart/stdio_uart.c.o
 .rodata.str1.4
                0x0000000010002238       0x18 CMakeFiles/pid.dir/home/nslnmusic/Pico/pico-sdk/src/rp2_common/pico_bootsel_via_double_reset/pico_bootsel_via_double_reset.c.o
 .rodata.__bi_50
                0x0000000010002250        0xc CMakeFiles/pid.dir/home/nslnmusic/Pico/pico-sdk/src/rp2_common/pico_bootsel_via_double_reset/pico_bootsel_via_double_reset.c.o
                0x000000001000225c                . = ALIGN (0x4)
 *(SORT_BY_ALIGNMENT(SORT_BY_NAME(.flashdata*)))
                0x000000001000225c                . = ALIGN (0x4)

.ARM.extab
 *(.ARM.extab* .gnu.linkonce.armextab.*)
                0x000000001000225c                __exidx_start = .

.ARM.exidx
 *(.ARM.exidx* .gnu.linkonce.armexidx.*)
                0x000000001000225c                __exidx_end = .
                0x000000001000225c                . = ALIGN (0x4)
                0x000000001000225c                __binary_info_start = .

.binary_info    0x000000001000225c       0x2c
 *(.binary_info.keep.*)
 .binary_info.keep.__bi_ptr26
                0x000000001000225c        0x4 CMakeFiles/pid.dir/home/nslnmusic/Pico/pico-sdk/src/rp2_common/pico_standard_binary_info/standard_binary_info.c.o
 .binary_info.keep.__bi_ptr34
                0x0000000010002260        0x4 CMakeFiles/pid.dir/home/nslnmusic/Pico/pico-sdk/src/rp2_common/pico_standard_binary_info/standard_binary_info.c.o
 .binary_info.keep.__bi_ptr42
                0x0000000010002264        0x4 CMakeFiles/pid.dir/home/nslnmusic/Pico/pico-sdk/src/rp2_common/pico_standard_binary_info/standard_binary_info.c.o
 .binary_info.keep.__bi_ptr48
                0x0000000010002268        0x4 CMakeFiles/pid.dir/home/nslnmusic/Pico/pico-sdk/src/rp2_common/pico_standard_binary_info/standard_binary_info.c.o
 .binary_info.keep.__bi_ptr54
                0x000000001000226c        0x4 CMakeFiles/pid.dir/home/nslnmusic/Pico/pico-sdk/src/rp2_common/pico_standard_binary_info/standard_binary_info.c.o
 .binary_info.keep.__bi_ptr78
                0x0000000010002270        0x4 CMakeFiles/pid.dir/home/nslnmusic/Pico/pico-sdk/src/rp2_common/pico_standard_binary_info/standard_binary_info.c.o
 .binary_info.keep.__bi_ptr84
                0x0000000010002274        0x4 CMakeFiles/pid.dir/home/nslnmusic/Pico/pico-sdk/src/rp2_common/pico_standard_binary_info/standard_binary_info.c.o
 .binary_info.keep.__bi_ptr50
                0x0000000010002278        0x4 CMakeFiles/pid.dir/home/nslnmusic/Pico/pico-sdk/src/rp2_common/pico_bootsel_via_double_reset/pico_bootsel_via_double_reset.c.o
 *(.binary_info.*)
 .binary_info.__bi_ptr45
                0x000000001000227c        0x4 CMakeFiles/pid.dir/home/nslnmusic/Pico/pico-sdk/src/rp2_common/pico_stdio_uart/stdio_uart.c.o
 .binary_info.__bi_ptr49
                0x0000000010002280        0x4 CMakeFiles/pid.dir/home/nslnmusic/Pico/pico-sdk/src/rp2_common/pico_stdio_uart/stdio_uart.c.o
 .binary_info.__bi_ptr50
                0x0000000010002284        0x4 CMakeFiles/pid.dir/home/nslnmusic/Pico/pico-sdk/src/rp2_common/pico_stdio_uart/stdio_uart.c.o
                0x0000000010002288                __binary_info_end = .

.rel.dyn        0x0000000010002288        0x0
 .rel.iplt      0x0000000010002288        0x0 /usr/lib/gcc/arm-none-eabi/10.3.1/thumb/v6-m/nofp/crtbegin.o
                0x0000000010002288                . = ALIGN (0x4)

.ram_vector_table
                0x0000000020000000       0xc0
 *(.ram_vector_table)
 .ram_vector_table
                0x0000000020000000       0xc0 CMakeFiles/pid.dir/home/nslnmusic/Pico/pico-sdk/src/rp2_common/pico_runtime_init/runtime_init.c.o
                0x0000000020000000                ram_vector_table

.uninitialized_data
                0x00000000200000c0        0xc
                0x00000000200000c0                . = ALIGN (0x4)
 *(.uninitialized_data*)
 .uninitialized_data.magic_location
                0x00000000200000c0        0xc CMakeFiles/pid.dir/home/nslnmusic/Pico/pico-sdk/src/rp2_common/pico_bootsel_via_double_reset/pico_bootsel_via_double_reset.c.o

.data           0x00000000200000d0      0x1a8 load address 0x0000000010002288
                0x00000000200000d0                __data_start__ = .
 *(vtable)
 *(.time_critical*)
 .time_critical.mutex_try_enter_block_until
                0x00000000200000d0       0x9c CMakeFiles/pid.dir/home/nslnmusic/Pico/pico-sdk/src/common/pico_sync/mutex.c.o
                0x00000000200000d0                mutex_try_enter_block_until
 .time_critical.mutex_exit
                0x000000002000016c       0x28 CMakeFiles/pid.dir/home/nslnmusic/Pico/pico-sdk/src/common/pico_sync/mutex.c.o
                0x000000002000016c                mutex_exit
 *(.text*)
 .text          0x0000000020000194        0x4 /usr/lib/gcc/arm-none-eabi/10.3.1/thumb/v6-m/nofp/libgcc.a(_dvmd_tls.o)
                0x0000000020000194                __aeabi_ldiv0
                0x0000000020000194                __aeabi_idiv0
 .text.__stub   0x0000000020000198       0x10 linker stubs
                0x00000000200001a8                . = ALIGN (0x4)
 *(.rodata*)
                0x00000000200001a8                . = ALIGN (0x4)
 *(.data*)
 .data.desired_temp
                0x00000000200001a8        0x4 CMakeFiles/pid.dir/pid/temp_pid.cpp.o
                0x00000000200001a8                desired_temp
 .data.dt       0x00000000200001ac        0x4 CMakeFiles/pid.dir/pid/temp_pid.cpp.o
                0x00000000200001ac                dt
 .data.measured_temp
                0x00000000200001b0        0x4 CMakeFiles/pid.dir/pid/temp_pid.cpp.o
                0x00000000200001b0                measured_temp
 .data.proportional_gain
                0x00000000200001b4        0x4 CMakeFiles/pid.dir/pid/temp_pid.cpp.o
                0x00000000200001b4                proportional_gain
 .data.striped_spin_lock_num
                0x00000000200001b8        0x1 CMakeFiles/pid.dir/home/nslnmusic/Pico/pico-sdk/src/rp2_common/hardware_sync/sync.c.o
 *fill*         0x00000000200001b9        0x3 
 .data          0x00000000200001bc       0x48 CMakeFiles/pid.dir/home/nslnmusic/Pico/pico-sdk/src/rp2_common/hardware_irq/irq_handler_chain.S.o
                0x00000000200001bc                irq_handler_chain_slots
                0x00000000200001ec                irq_handler_chain_first_slot
                0x00000000200001f6                irq_handler_chain_remove_tail
 .data.default_alarm_pool
                0x0000000020000204       0x18 CMakeFiles/pid.dir/home/nslnmusic/Pico/pico-sdk/src/common/pico_time/time.c.o
 *fill*         0x000000002000021c        0x4 
 .data.aeabi_bits_funcs
                0x0000000020000220       0x10 CMakeFiles/pid.dir/home/nslnmusic/Pico/pico-sdk/src/rp2_common/pico_bit_ops/bit_ops_aeabi.S.o
                0x0000000020000220                aeabi_bits_funcs
                0x0000000020000230                aeabi_bits_funcs_end
 .data.aeabi_mem_funcs
                0x0000000020000230       0x10 CMakeFiles/pid.dir/home/nslnmusic/Pico/pico-sdk/src/rp2_common/pico_mem_ops/mem_ops_aeabi.S.o
                0x0000000020000230                aeabi_mem_funcs
                0x0000000020000240                aeabi_mem_funcs_end
 .data.stdio_uart
                0x0000000020000240       0x18 CMakeFiles/pid.dir/home/nslnmusic/Pico/pico-sdk/src/rp2_common/pico_stdio_uart/stdio_uart.c.o
                0x0000000020000240                stdio_uart
 .data.i2c0_inst
                0x0000000020000258        0x8 CMakeFiles/pid.dir/home/nslnmusic/Pico/pico-sdk/src/rp2_common/hardware_i2c/i2c.c.o
                0x0000000020000258                i2c0_inst
 .data.i2c1_inst
                0x0000000020000260        0x8 CMakeFiles/pid.dir/home/nslnmusic/Pico/pico-sdk/src/rp2_common/hardware_i2c/i2c.c.o
                0x0000000020000260                i2c1_inst
                0x0000000020000268                . = ALIGN (0x4)
 *(.after_data.*)
                0x0000000020000268                . = ALIGN (0x4)
                0x0000000020000268                PROVIDE (__mutex_array_start = .)
 *(SORT_BY_NAME(.mutex_array.*))
 *(.mutex_array)
 .mutex_array   0x0000000020000268        0x8 CMakeFiles/pid.dir/home/nslnmusic/Pico/pico-sdk/src/rp2_common/pico_malloc/malloc.c.o
 .mutex_array   0x0000000020000270        0x8 CMakeFiles/pid.dir/home/nslnmusic/Pico/pico-sdk/src/rp2_common/pico_stdio/stdio.c.o
                0x0000000020000278                PROVIDE (__mutex_array_end = .)
                0x0000000020000278                . = ALIGN (0x4)
 *(.jcr)
                0x0000000020000278                . = ALIGN (0x4)

.tm_clone_table
                0x0000000020000278        0x0 load address 0x0000000010002430
 .tm_clone_table
                0x0000000020000278        0x0 /usr/lib/gcc/arm-none-eabi/10.3.1/thumb/v6-m/nofp/crtbegin.o
 .tm_clone_table
                0x0000000020000278        0x0 /usr/lib/gcc/arm-none-eabi/10.3.1/thumb/v6-m/nofp/crtend.o

.igot.plt       0x0000000020000278        0x0 load address 0x0000000010002430
 .igot.plt      0x0000000020000278        0x0 /usr/lib/gcc/arm-none-eabi/10.3.1/thumb/v6-m/nofp/crtbegin.o

.tdata          0x0000000020000278        0x0 load address 0x0000000010002430
                0x0000000020000278                . = ALIGN (0x4)
 *(.tdata .tdata.* .gnu.linkonce.td.*)
                0x0000000020000278                __tdata_end = .
                0x0000000020000278                PROVIDE (__data_end__ = .)
                0x0000000010002288                __etext = LOADADDR (.data)

.tbss           0x0000000020000278        0x0 load address 0x0000000010002430
                0x0000000020000278                . = ALIGN (0x4)
                0x0000000020000278                __bss_start__ = .
                0x0000000020000278                __tls_base = .
 *(.tbss .tbss.* .gnu.linkonce.tb.*)
 *(.tcommon)
                0x0000000020000278                __tls_end = .

.bss            0x0000000020000278      0x428 load address 0x0000000010002430
                0x0000000020000278                . = ALIGN (0x4)
                0x0000000020000278                __tbss_end = .
 *(SORT_BY_ALIGNMENT(SORT_BY_NAME(.bss*)))
 .bss.default_alarm_pool_entries
                0x0000000020000278      0x180 CMakeFiles/pid.dir/home/nslnmusic/Pico/pico-sdk/src/common/pico_time/time.c.o
 .bss.sd_table  0x00000000200003f8      0x100 CMakeFiles/pid.dir/home/nslnmusic/Pico/pico-sdk/src/rp2_common/pico_double/double_init_rom_rp2040.c.o
                0x00000000200003f8                sd_table
 .bss.sf_table  0x00000000200004f8      0x100 CMakeFiles/pid.dir/home/nslnmusic/Pico/pico-sdk/src/rp2_common/pico_float/float_init_rom_rp2040.c.o
                0x00000000200004f8                sf_table
 .bss           0x00000000200005f8       0x1c /usr/lib/gcc/arm-none-eabi/10.3.1/thumb/v6-m/nofp/crtbegin.o
 .bss.chars_available_callback
                0x0000000020000614        0x4 CMakeFiles/pid.dir/home/nslnmusic/Pico/pico-sdk/src/rp2_common/pico_stdio_uart/stdio_uart.c.o
 .bss.chars_available_param
                0x0000000020000618        0x4 CMakeFiles/pid.dir/home/nslnmusic/Pico/pico-sdk/src/rp2_common/pico_stdio_uart/stdio_uart.c.o
 .bss.claimed   0x000000002000061c        0x1 CMakeFiles/pid.dir/home/nslnmusic/Pico/pico-sdk/src/rp2_common/hardware_timer/timer.c.o
 *fill*         0x000000002000061d        0x3 
 .bss.configured_freq
                0x0000000020000620       0x28 CMakeFiles/pid.dir/home/nslnmusic/Pico/pico-sdk/src/rp2_common/hardware_clocks/clocks.c.o
 .bss.control   0x0000000020000648        0x4 CMakeFiles/pid.dir/pid/temp_pid.cpp.o
                0x0000000020000648                control
 .bss.derivative_error
                0x000000002000064c        0x4 CMakeFiles/pid.dir/pid/temp_pid.cpp.o
                0x000000002000064c                derivative_error
 .bss.derivative_gain
                0x0000000020000650        0x4 CMakeFiles/pid.dir/pid/temp_pid.cpp.o
                0x0000000020000650                derivative_gain
 .bss.drivers   0x0000000020000654        0x4 CMakeFiles/pid.dir/home/nslnmusic/Pico/pico-sdk/src/rp2_common/pico_stdio/stdio.c.o
 .bss.error     0x0000000020000658        0x4 CMakeFiles/pid.dir/pid/temp_pid.cpp.o
                0x0000000020000658                error
 .bss.filter    0x000000002000065c        0x4 CMakeFiles/pid.dir/home/nslnmusic/Pico/pico-sdk/src/rp2_common/pico_stdio/stdio.c.o
 .bss.integral_error
                0x0000000020000660        0x4 CMakeFiles/pid.dir/pid/temp_pid.cpp.o
                0x0000000020000660                integral_error
 .bss.integral_gain
                0x0000000020000664        0x4 CMakeFiles/pid.dir/pid/temp_pid.cpp.o
                0x0000000020000664                integral_gain
 .bss.lazy_vsnprintf
                0x0000000020000668        0x4 CMakeFiles/pid.dir/home/nslnmusic/Pico/pico-sdk/src/rp2_common/pico_printf/printf.c.o
 .bss.old_control
                0x000000002000066c        0x4 CMakeFiles/pid.dir/pid/temp_pid.cpp.o
                0x000000002000066c                old_control
 .bss.pools     0x0000000020000670       0x10 CMakeFiles/pid.dir/home/nslnmusic/Pico/pico-sdk/src/common/pico_time/time.c.o
 .bss.prev_error
                0x0000000020000680        0x4 CMakeFiles/pid.dir/pid/temp_pid.cpp.o
                0x0000000020000680                prev_error
 .bss.sf_clz_func
                0x0000000020000684        0x4 CMakeFiles/pid.dir/home/nslnmusic/Pico/pico-sdk/src/rp2_common/pico_double/double_init_rom_rp2040.c.o
                0x0000000020000684                sf_clz_func
 .bss.sleep_notifier
                0x0000000020000688        0x4 CMakeFiles/pid.dir/home/nslnmusic/Pico/pico-sdk/src/common/pico_time/time.c.o
 .bss.slice_num_1
                0x000000002000068c        0x4 CMakeFiles/pid.dir/pid/temp_pid.cpp.o
                0x000000002000068c                slice_num_1
 .bss.slice_num_2
                0x0000000020000690        0x4 CMakeFiles/pid.dir/pid/temp_pid.cpp.o
                0x0000000020000690                slice_num_2
 .bss.uart_char_to_line_feed
                0x0000000020000694        0x4 CMakeFiles/pid.dir/home/nslnmusic/Pico/pico-sdk/src/rp2_common/hardware_uart/uart.c.o
                0x0000000020000694                uart_char_to_line_feed
 .bss.uart_instance
                0x0000000020000698        0x4 CMakeFiles/pid.dir/home/nslnmusic/Pico/pico-sdk/src/rp2_common/pico_stdio_uart/stdio_uart.c.o
 .bss.irq_handler_chain_free_slot_head
                0x000000002000069c        0x1 CMakeFiles/pid.dir/home/nslnmusic/Pico/pico-sdk/src/rp2_common/hardware_irq/irq.c.o
 *(COMMON)
                0x00000000200006a0                . = ALIGN (0x4)
 *fill*         0x000000002000069d        0x3 
                0x00000000200006a0                __bss_end__ = .

.heap           0x00000000200006a0      0x800 load address 0x0000000010002430
                0x00000000200006a0                __end__ = .
                0x00000000200006a0                end = __end__
 *(.heap*)
 .heap          0x00000000200006a0      0x800 CMakeFiles/pid.dir/home/nslnmusic/Pico/pico-sdk/src/rp2_common/pico_crt0/crt0.S.o
                0x0000000020040000                __HeapLimit = (ORIGIN (RAM) + LENGTH (RAM))

.scratch_x      0x0000000020040000        0x0 load address 0x0000000010002430
                0x0000000020040000                __scratch_x_start__ = .
 *(.scratch_x.*)
                0x0000000020040000                . = ALIGN (0x4)
                0x0000000020040000                __scratch_x_end__ = .
                0x0000000010002430                __scratch_x_source__ = LOADADDR (.scratch_x)

.scratch_y      0x0000000020041000        0x0 load address 0x0000000010002430
                0x0000000020041000                __scratch_y_start__ = .
 *(.scratch_y.*)
                0x0000000020041000                . = ALIGN (0x4)
                0x0000000020041000                __scratch_y_end__ = .
                0x0000000010002430                __scratch_y_source__ = LOADADDR (.scratch_y)

.stack1_dummy   0x0000000020040000      0x800
 *(.stack1*)
 .stack1        0x0000000020040000      0x800 CMakeFiles/pid.dir/home/nslnmusic/Pico/pico-sdk/src/rp2_common/pico_multicore/multicore.c.o

.stack_dummy    0x0000000020041000      0x800
 *(.stack*)
 .stack         0x0000000020041000      0x800 CMakeFiles/pid.dir/home/nslnmusic/Pico/pico-sdk/src/rp2_common/pico_crt0/crt0.S.o

.flash_end      0x0000000010002430        0x0
 *(.embedded_end_block*)
                0x0000000010002430                PROVIDE (__flash_binary_end = .)
                0x0000000020040000                __StackLimit = (ORIGIN (RAM) + LENGTH (RAM))
                0x0000000020041000                __StackOneTop = (ORIGIN (SCRATCH_X) + LENGTH (SCRATCH_X))
                0x0000000020042000                __StackTop = (ORIGIN (SCRATCH_Y) + LENGTH (SCRATCH_Y))
                0x0000000020040800                __StackOneBottom = (__StackOneTop - SIZEOF (.stack1_dummy))
                0x0000000020041800                __StackBottom = (__StackTop - SIZEOF (.stack_dummy))
                0x0000000020042000                PROVIDE (__stack = __StackTop)
                [!provide]                        PROVIDE (__heap_start = __end__)
                [!provide]                        PROVIDE (__heap_end = __HeapLimit)
                [!provide]                        PROVIDE (__tls_align = MAX (ALIGNOF (.tdata), ALIGNOF (.tbss)))
                [!provide]                        PROVIDE (__tls_size_align = (((__tls_size + __tls_align) - 0x1) & ~ ((__tls_align - 0x1))))
                [!provide]                        PROVIDE (__arm32_tls_tcb_offset = MAX (0x8, __tls_align))
                [!provide]                        PROVIDE (_end = __end__)
                [!provide]                        PROVIDE (__llvm_libc_heap_limit = __HeapLimit)
                0x0000000000000001                ASSERT ((__StackLimit >= __HeapLimit), region RAM overflowed)
                0x0000000000000001                ASSERT (((__binary_info_header_end - __logical_binary_start) <= 0x100), Binary info must be in first 256 bytes of the binary)
LOAD CMakeFiles/pid.dir/pid/temp_pid.cpp.o
LOAD CMakeFiles/pid.dir/home/nslnmusic/Pico/pico-sdk/src/rp2_common/pico_stdlib/stdlib.c.o
LOAD CMakeFiles/pid.dir/home/nslnmusic/Pico/pico-sdk/src/rp2_common/hardware_gpio/gpio.c.o
LOAD CMakeFiles/pid.dir/home/nslnmusic/Pico/pico-sdk/src/rp2040/pico_platform/platform.c.o
LOAD CMakeFiles/pid.dir/home/nslnmusic/Pico/pico-sdk/src/rp2_common/pico_platform_panic/panic.c.o
LOAD CMakeFiles/pid.dir/home/nslnmusic/Pico/pico-sdk/src/common/hardware_claim/claim.c.o
LOAD CMakeFiles/pid.dir/home/nslnmusic/Pico/pico-sdk/src/rp2_common/hardware_sync/sync.c.o
LOAD CMakeFiles/pid.dir/home/nslnmusic/Pico/pico-sdk/src/rp2_common/hardware_sync_spin_lock/sync_spin_lock.c.o
LOAD CMakeFiles/pid.dir/home/nslnmusic/Pico/pico-sdk/src/rp2_common/hardware_irq/irq.c.o
LOAD CMakeFiles/pid.dir/home/nslnmusic/Pico/pico-sdk/src/rp2_common/hardware_irq/irq_handler_chain.S.o
LOAD CMakeFiles/pid.dir/home/nslnmusic/Pico/pico-sdk/src/common/pico_sync/sem.c.o
LOAD CMakeFiles/pid.dir/home/nslnmusic/Pico/pico-sdk/src/common/pico_sync/lock_core.c.o
LOAD CMakeFiles/pid.dir/home/nslnmusic/Pico/pico-sdk/src/common/pico_sync/mutex.c.o
LOAD CMakeFiles/pid.dir/home/nslnmusic/Pico/pico-sdk/src/common/pico_sync/critical_section.c.o
LOAD CMakeFiles/pid.dir/home/nslnmusic/Pico/pico-sdk/src/common/pico_time/time.c.o
LOAD CMakeFiles/pid.dir/home/nslnmusic/Pico/pico-sdk/src/common/pico_time/timeout_helper.c.o
LOAD CMakeFiles/pid.dir/home/nslnmusic/Pico/pico-sdk/src/rp2_common/hardware_timer/timer.c.o
LOAD CMakeFiles/pid.dir/home/nslnmusic/Pico/pico-sdk/src/common/pico_util/datetime.c.o
LOAD CMakeFiles/pid.dir/home/nslnmusic/Pico/pico-sdk/src/common/pico_util/pheap.c.o
LOAD CMakeFiles/pid.dir/home/nslnmusic/Pico/pico-sdk/src/common/pico_util/queue.c.o
LOAD CMakeFiles/pid.dir/home/nslnmusic/Pico/pico-sdk/src/rp2_common/hardware_uart/uart.c.o
LOAD CMakeFiles/pid.dir/home/nslnmusic/Pico/pico-sdk/src/rp2_common/hardware_clocks/clocks.c.o
LOAD CMakeFiles/pid.dir/home/nslnmusic/Pico/pico-sdk/src/rp2_common/hardware_pll/pll.c.o
LOAD CMakeFiles/pid.dir/home/nslnmusic/Pico/pico-sdk/src/rp2_common/hardware_vreg/vreg.c.o
LOAD CMakeFiles/pid.dir/home/nslnmusic/Pico/pico-sdk/src/rp2_common/hardware_watchdog/watchdog.c.o
LOAD CMakeFiles/pid.dir/home/nslnmusic/Pico/pico-sdk/src/rp2_common/hardware_ticks/ticks.c.o
LOAD CMakeFiles/pid.dir/home/nslnmusic/Pico/pico-sdk/src/rp2_common/pico_bootrom/bootrom.c.o
LOAD CMakeFiles/pid.dir/home/nslnmusic/Pico/pico-sdk/src/rp2_common/pico_bootrom/bootrom_lock.c.o
LOAD CMakeFiles/pid.dir/home/nslnmusic/Pico/pico-sdk/src/rp2_common/hardware_boot_lock/boot_lock.c.o
LOAD CMakeFiles/pid.dir/home/nslnmusic/Pico/pico-sdk/src/rp2_common/pico_flash/flash.c.o
LOAD CMakeFiles/pid.dir/home/nslnmusic/Pico/pico-sdk/src/rp2_common/hardware_xosc/xosc.c.o
LOAD CMakeFiles/pid.dir/home/nslnmusic/Pico/pico-sdk/src/rp2_common/hardware_divider/divider.S.o
LOAD CMakeFiles/pid.dir/home/nslnmusic/Pico/pico-sdk/src/rp2_common/pico_runtime/runtime.c.o
LOAD CMakeFiles/pid.dir/home/nslnmusic/Pico/pico-sdk/src/rp2_common/pico_runtime_init/runtime_init.c.o
LOAD CMakeFiles/pid.dir/home/nslnmusic/Pico/pico-sdk/src/rp2_common/pico_runtime_init/runtime_init_clocks.c.o
LOAD CMakeFiles/pid.dir/home/nslnmusic/Pico/pico-sdk/src/rp2_common/pico_runtime_init/runtime_init_stack_guard.c.o
LOAD CMakeFiles/pid.dir/home/nslnmusic/Pico/pico-sdk/src/rp2_common/pico_bit_ops/bit_ops_aeabi.S.o
LOAD CMakeFiles/pid.dir/home/nslnmusic/Pico/pico-sdk/src/rp2_common/pico_divider/divider_hardware.S.o
LOAD CMakeFiles/pid.dir/home/nslnmusic/Pico/pico-sdk/src/rp2_common/pico_double/double_aeabi_rp2040.S.o
LOAD CMakeFiles/pid.dir/home/nslnmusic/Pico/pico-sdk/src/rp2_common/pico_double/double_init_rom_rp2040.c.o
LOAD CMakeFiles/pid.dir/home/nslnmusic/Pico/pico-sdk/src/rp2_common/pico_double/double_math.c.o
LOAD CMakeFiles/pid.dir/home/nslnmusic/Pico/pico-sdk/src/rp2_common/pico_double/double_v1_rom_shim_rp2040.S.o
LOAD CMakeFiles/pid.dir/home/nslnmusic/Pico/pico-sdk/src/rp2_common/pico_int64_ops/pico_int64_ops_aeabi.S.o
LOAD CMakeFiles/pid.dir/home/nslnmusic/Pico/pico-sdk/src/rp2_common/pico_float/float_aeabi_rp2040.S.o
LOAD CMakeFiles/pid.dir/home/nslnmusic/Pico/pico-sdk/src/rp2_common/pico_float/float_init_rom_rp2040.c.o
LOAD CMakeFiles/pid.dir/home/nslnmusic/Pico/pico-sdk/src/rp2_common/pico_float/float_math.c.o
LOAD CMakeFiles/pid.dir/home/nslnmusic/Pico/pico-sdk/src/rp2_common/pico_float/float_v1_rom_shim_rp2040.S.o
LOAD CMakeFiles/pid.dir/home/nslnmusic/Pico/pico-sdk/src/rp2_common/pico_malloc/malloc.c.o
LOAD CMakeFiles/pid.dir/home/nslnmusic/Pico/pico-sdk/src/rp2_common/pico_mem_ops/mem_ops_aeabi.S.o
LOAD CMakeFiles/pid.dir/home/nslnmusic/Pico/pico-sdk/src/rp2_common/pico_atomic/atomic.c.o
LOAD CMakeFiles/pid.dir/home/nslnmusic/Pico/pico-sdk/src/rp2_common/pico_cxx_options/new_delete.cpp.o
LOAD CMakeFiles/pid.dir/home/nslnmusic/Pico/pico-sdk/src/rp2_common/pico_standard_binary_info/standard_binary_info.c.o
LOAD CMakeFiles/pid.dir/home/nslnmusic/Pico/pico-sdk/src/rp2_common/pico_printf/printf.c.o
LOAD CMakeFiles/pid.dir/home/nslnmusic/Pico/pico-sdk/src/rp2_common/pico_crt0/crt0.S.o
LOAD CMakeFiles/pid.dir/home/nslnmusic/Pico/pico-sdk/src/rp2_common/pico_clib_interface/newlib_interface.c.o
LOAD CMakeFiles/pid.dir/home/nslnmusic/Pico/pico-sdk/src/rp2_common/pico_stdio/stdio.c.o
LOAD CMakeFiles/pid.dir/home/nslnmusic/Pico/pico-sdk/src/rp2_common/pico_stdio_uart/stdio_uart.c.o
LOAD CMakeFiles/pid.dir/home/nslnmusic/Pico/pico-sdk/src/rp2_common/pico_multicore/multicore.c.o
LOAD CMakeFiles/pid.dir/home/nslnmusic/Pico/pico-sdk/src/rp2_common/pico_bootsel_via_double_reset/pico_bootsel_via_double_reset.c.o
LOAD CMakeFiles/pid.dir/home/nslnmusic/Pico/pico-sdk/src/rp2_common/hardware_i2c/i2c.c.o
LOAD CMakeFiles/pid.dir/home/nslnmusic/Pico/pico-sdk/src/rp2_common/hardware_pio/pio.c.o
LOAD CMakeFiles/pid.dir/home/nslnmusic/Pico/pico-sdk/src/rp2_common/hardware_dma/dma.c.o
LOAD pico-sdk/src/rp2040/boot_stage2/CMakeFiles/bs2_default_library.dir/bs2_default_padded_checksummed.S.o
LOAD /usr/lib/gcc/arm-none-eabi/10.3.1/../../../arm-none-eabi/lib/thumb/v6-m/nofp/libstdc++.a
LOAD /usr/lib/gcc/arm-none-eabi/10.3.1/../../../arm-none-eabi/lib/thumb/v6-m/nofp/libm.a
START GROUP
LOAD /usr/lib/gcc/arm-none-eabi/10.3.1/thumb/v6-m/nofp/libgcc.a
LOAD /usr/lib/gcc/arm-none-eabi/10.3.1/../../../arm-none-eabi/lib/thumb/v6-m/nofp/libg.a
LOAD /usr/lib/gcc/arm-none-eabi/10.3.1/../../../arm-none-eabi/lib/thumb/v6-m/nofp/libc.a
END GROUP
START GROUP
LOAD /usr/lib/gcc/arm-none-eabi/10.3.1/thumb/v6-m/nofp/libgcc.a
LOAD /usr/lib/gcc/arm-none-eabi/10.3.1/../../../arm-none-eabi/lib/thumb/v6-m/nofp/libc.a
LOAD /usr/lib/gcc/arm-none-eabi/10.3.1/../../../arm-none-eabi/lib/thumb/v6-m/nofp/libnosys.a
END GROUP
LOAD /usr/lib/gcc/arm-none-eabi/10.3.1/thumb/v6-m/nofp/crtend.o
LOAD /usr/lib/gcc/arm-none-eabi/10.3.1/thumb/v6-m/nofp/crtn.o
OUTPUT(pid.elf elf32-littlearm)
LOAD linker stubs

.ARM.attributes
                0x0000000000000000       0x28
 .ARM.attributes
                0x0000000000000000       0x1e /usr/lib/gcc/arm-none-eabi/10.3.1/thumb/v6-m/nofp/crti.o
 .ARM.attributes
                0x000000000000001e       0x2c /usr/lib/gcc/arm-none-eabi/10.3.1/thumb/v6-m/nofp/crtbegin.o
 .ARM.attributes
                0x000000000000004a       0x2c CMakeFiles/pid.dir/pid/temp_pid.cpp.o
 .ARM.attributes
                0x0000000000000076       0x2c CMakeFiles/pid.dir/home/nslnmusic/Pico/pico-sdk/src/rp2_common/hardware_gpio/gpio.c.o
 .ARM.attributes
                0x00000000000000a2       0x2c CMakeFiles/pid.dir/home/nslnmusic/Pico/pico-sdk/src/rp2_common/pico_platform_panic/panic.c.o
 .ARM.attributes
                0x00000000000000ce       0x2c CMakeFiles/pid.dir/home/nslnmusic/Pico/pico-sdk/src/common/hardware_claim/claim.c.o
 .ARM.attributes
                0x00000000000000fa       0x2c CMakeFiles/pid.dir/home/nslnmusic/Pico/pico-sdk/src/rp2_common/hardware_sync/sync.c.o
 .ARM.attributes
                0x0000000000000126       0x2c CMakeFiles/pid.dir/home/nslnmusic/Pico/pico-sdk/src/rp2_common/hardware_sync_spin_lock/sync_spin_lock.c.o
 .ARM.attributes
                0x0000000000000152       0x2c CMakeFiles/pid.dir/home/nslnmusic/Pico/pico-sdk/src/rp2_common/hardware_irq/irq.c.o
 .ARM.attributes
                0x000000000000017e       0x22 CMakeFiles/pid.dir/home/nslnmusic/Pico/pico-sdk/src/rp2_common/hardware_irq/irq_handler_chain.S.o
 .ARM.attributes
                0x00000000000001a0       0x2c CMakeFiles/pid.dir/home/nslnmusic/Pico/pico-sdk/src/common/pico_sync/lock_core.c.o
 .ARM.attributes
                0x00000000000001cc       0x2c CMakeFiles/pid.dir/home/nslnmusic/Pico/pico-sdk/src/common/pico_sync/mutex.c.o
 .ARM.attributes
                0x00000000000001f8       0x2c CMakeFiles/pid.dir/home/nslnmusic/Pico/pico-sdk/src/common/pico_time/time.c.o
 .ARM.attributes
                0x0000000000000224       0x2c CMakeFiles/pid.dir/home/nslnmusic/Pico/pico-sdk/src/rp2_common/hardware_timer/timer.c.o
 .ARM.attributes
                0x0000000000000250       0x2c CMakeFiles/pid.dir/home/nslnmusic/Pico/pico-sdk/src/rp2_common/hardware_uart/uart.c.o
 .ARM.attributes
                0x000000000000027c       0x2c CMakeFiles/pid.dir/home/nslnmusic/Pico/pico-sdk/src/rp2_common/hardware_clocks/clocks.c.o
 .ARM.attributes
                0x00000000000002a8       0x2c CMakeFiles/pid.dir/home/nslnmusic/Pico/pico-sdk/src/rp2_common/hardware_pll/pll.c.o
 .ARM.attributes
                0x00000000000002d4       0x2c CMakeFiles/pid.dir/home/nslnmusic/Pico/pico-sdk/src/rp2_common/hardware_ticks/ticks.c.o
 .ARM.attributes
                0x0000000000000300       0x2c CMakeFiles/pid.dir/home/nslnmusic/Pico/pico-sdk/src/rp2_common/pico_bootrom/bootrom.c.o
 .ARM.attributes
                0x000000000000032c       0x2c CMakeFiles/pid.dir/home/nslnmusic/Pico/pico-sdk/src/rp2_common/hardware_xosc/xosc.c.o
 .ARM.attributes
                0x0000000000000358       0x2c CMakeFiles/pid.dir/home/nslnmusic/Pico/pico-sdk/src/rp2_common/pico_runtime/runtime.c.o
 .ARM.attributes
                0x0000000000000384       0x2c CMakeFiles/pid.dir/home/nslnmusic/Pico/pico-sdk/src/rp2_common/pico_runtime_init/runtime_init.c.o
 .ARM.attributes
                0x00000000000003b0       0x2c CMakeFiles/pid.dir/home/nslnmusic/Pico/pico-sdk/src/rp2_common/pico_runtime_init/runtime_init_clocks.c.o
 .ARM.attributes
                0x00000000000003dc       0x22 CMakeFiles/pid.dir/home/nslnmusic/Pico/pico-sdk/src/rp2_common/pico_bit_ops/bit_ops_aeabi.S.o
 .ARM.attributes
                0x00000000000003fe       0x22 CMakeFiles/pid.dir/home/nslnmusic/Pico/pico-sdk/src/rp2_common/pico_divider/divider_hardware.S.o
 .ARM.attributes
                0x0000000000000420       0x22 CMakeFiles/pid.dir/home/nslnmusic/Pico/pico-sdk/src/rp2_common/pico_double/double_aeabi_rp2040.S.o
 .ARM.attributes
                0x0000000000000442       0x2c CMakeFiles/pid.dir/home/nslnmusic/Pico/pico-sdk/src/rp2_common/pico_double/double_init_rom_rp2040.c.o
 .ARM.attributes
                0x000000000000046e       0x22 CMakeFiles/pid.dir/home/nslnmusic/Pico/pico-sdk/src/rp2_common/pico_double/double_v1_rom_shim_rp2040.S.o
 .ARM.attributes
                0x0000000000000490       0x22 CMakeFiles/pid.dir/home/nslnmusic/Pico/pico-sdk/src/rp2_common/pico_float/float_aeabi_rp2040.S.o
 .ARM.attributes
                0x00000000000004b2       0x2c CMakeFiles/pid.dir/home/nslnmusic/Pico/pico-sdk/src/rp2_common/pico_float/float_init_rom_rp2040.c.o
 .ARM.attributes
                0x00000000000004de       0x22 CMakeFiles/pid.dir/home/nslnmusic/Pico/pico-sdk/src/rp2_common/pico_float/float_v1_rom_shim_rp2040.S.o
 .ARM.attributes
                0x0000000000000500       0x2c CMakeFiles/pid.dir/home/nslnmusic/Pico/pico-sdk/src/rp2_common/pico_malloc/malloc.c.o
 .ARM.attributes
                0x000000000000052c       0x22 CMakeFiles/pid.dir/home/nslnmusic/Pico/pico-sdk/src/rp2_common/pico_mem_ops/mem_ops_aeabi.S.o
 .ARM.attributes
                0x000000000000054e       0x32 CMakeFiles/pid.dir/home/nslnmusic/Pico/pico-sdk/src/rp2_common/pico_standard_binary_info/standard_binary_info.c.o
 .ARM.attributes
                0x0000000000000580       0x2c CMakeFiles/pid.dir/home/nslnmusic/Pico/pico-sdk/src/rp2_common/pico_printf/printf.c.o
 .ARM.attributes
                0x00000000000005ac       0x22 CMakeFiles/pid.dir/home/nslnmusic/Pico/pico-sdk/src/rp2_common/pico_crt0/crt0.S.o
 .ARM.attributes
                0x00000000000005ce       0x2c CMakeFiles/pid.dir/home/nslnmusic/Pico/pico-sdk/src/rp2_common/pico_clib_interface/newlib_interface.c.o
 .ARM.attributes
                0x00000000000005fa       0x2c CMakeFiles/pid.dir/home/nslnmusic/Pico/pico-sdk/src/rp2_common/pico_stdio/stdio.c.o
 .ARM.attributes
                0x0000000000000626       0x2c CMakeFiles/pid.dir/home/nslnmusic/Pico/pico-sdk/src/rp2_common/pico_stdio_uart/stdio_uart.c.o
 .ARM.attributes
                0x0000000000000652       0x2c CMakeFiles/pid.dir/home/nslnmusic/Pico/pico-sdk/src/rp2_common/pico_multicore/multicore.c.o
 .ARM.attributes
                0x000000000000067e       0x2c CMakeFiles/pid.dir/home/nslnmusic/Pico/pico-sdk/src/rp2_common/pico_bootsel_via_double_reset/pico_bootsel_via_double_reset.c.o
 .ARM.attributes
                0x00000000000006aa       0x2c CMakeFiles/pid.dir/home/nslnmusic/Pico/pico-sdk/src/rp2_common/hardware_i2c/i2c.c.o
 .ARM.attributes
                0x00000000000006d6       0x22 pico-sdk/src/rp2040/boot_stage2/CMakeFiles/bs2_default_library.dir/bs2_default_padded_checksummed.S.o
 .ARM.attributes
                0x00000000000006f8       0x1e /usr/lib/gcc/arm-none-eabi/10.3.1/thumb/v6-m/nofp/libgcc.a(_dvmd_tls.o)
 .ARM.attributes
                0x0000000000000716       0x2c /usr/lib/gcc/arm-none-eabi/10.3.1/../../../arm-none-eabi/lib/thumb/v6-m/nofp/libg.a(lib_a-strlen-stub.o)
 .ARM.attributes
                0x0000000000000742       0x2c /usr/lib/gcc/arm-none-eabi/10.3.1/thumb/v6-m/nofp/crtend.o

.comment        0x0000000000000000       0x33
 .comment       0x0000000000000000       0x33 /usr/lib/gcc/arm-none-eabi/10.3.1/thumb/v6-m/nofp/crtbegin.o
                                         0x34 (size before relaxing)
 .comment       0x0000000000000033       0x34 CMakeFiles/pid.dir/pid/temp_pid.cpp.o
 .comment       0x0000000000000033       0x34 CMakeFiles/pid.dir/home/nslnmusic/Pico/pico-sdk/src/rp2_common/hardware_gpio/gpio.c.o
 .comment       0x0000000000000033       0x34 CMakeFiles/pid.dir/home/nslnmusic/Pico/pico-sdk/src/rp2_common/pico_platform_panic/panic.c.o
 .comment       0x0000000000000033       0x34 CMakeFiles/pid.dir/home/nslnmusic/Pico/pico-sdk/src/common/hardware_claim/claim.c.o
 .comment       0x0000000000000033       0x34 CMakeFiles/pid.dir/home/nslnmusic/Pico/pico-sdk/src/rp2_common/hardware_sync/sync.c.o
 .comment       0x0000000000000033       0x34 CMakeFiles/pid.dir/home/nslnmusic/Pico/pico-sdk/src/rp2_common/hardware_sync_spin_lock/sync_spin_lock.c.o
 .comment       0x0000000000000033       0x34 CMakeFiles/pid.dir/home/nslnmusic/Pico/pico-sdk/src/rp2_common/hardware_irq/irq.c.o
 .comment       0x0000000000000033       0x34 CMakeFiles/pid.dir/home/nslnmusic/Pico/pico-sdk/src/common/pico_sync/lock_core.c.o
 .comment       0x0000000000000033       0x34 CMakeFiles/pid.dir/home/nslnmusic/Pico/pico-sdk/src/common/pico_sync/mutex.c.o
 .comment       0x0000000000000033       0x34 CMakeFiles/pid.dir/home/nslnmusic/Pico/pico-sdk/src/common/pico_time/time.c.o
 .comment       0x0000000000000033       0x34 CMakeFiles/pid.dir/home/nslnmusic/Pico/pico-sdk/src/rp2_common/hardware_timer/timer.c.o
 .comment       0x0000000000000033       0x34 CMakeFiles/pid.dir/home/nslnmusic/Pico/pico-sdk/src/rp2_common/hardware_uart/uart.c.o
 .comment       0x0000000000000033       0x34 CMakeFiles/pid.dir/home/nslnmusic/Pico/pico-sdk/src/rp2_common/hardware_clocks/clocks.c.o
 .comment       0x0000000000000033       0x34 CMakeFiles/pid.dir/home/nslnmusic/Pico/pico-sdk/src/rp2_common/hardware_pll/pll.c.o
 .comment       0x0000000000000033       0x34 CMakeFiles/pid.dir/home/nslnmusic/Pico/pico-sdk/src/rp2_common/hardware_ticks/ticks.c.o
 .comment       0x0000000000000033       0x34 CMakeFiles/pid.dir/home/nslnmusic/Pico/pico-sdk/src/rp2_common/pico_bootrom/bootrom.c.o
 .comment       0x0000000000000033       0x34 CMakeFiles/pid.dir/home/nslnmusic/Pico/pico-sdk/src/rp2_common/hardware_xosc/xosc.c.o
 .comment       0x0000000000000033       0x34 CMakeFiles/pid.dir/home/nslnmusic/Pico/pico-sdk/src/rp2_common/pico_runtime/runtime.c.o
 .comment       0x0000000000000033       0x34 CMakeFiles/pid.dir/home/nslnmusic/Pico/pico-sdk/src/rp2_common/pico_runtime_init/runtime_init.c.o
 .comment       0x0000000000000033       0x34 CMakeFiles/pid.dir/home/nslnmusic/Pico/pico-sdk/src/rp2_common/pico_runtime_init/runtime_init_clocks.c.o
 .comment       0x0000000000000033       0x34 CMakeFiles/pid.dir/home/nslnmusic/Pico/pico-sdk/src/rp2_common/pico_double/double_init_rom_rp2040.c.o
 .comment       0x0000000000000033       0x34 CMakeFiles/pid.dir/home/nslnmusic/Pico/pico-sdk/src/rp2_common/pico_float/float_init_rom_rp2040.c.o
 .comment       0x0000000000000033       0x34 CMakeFiles/pid.dir/home/nslnmusic/Pico/pico-sdk/src/rp2_common/pico_malloc/malloc.c.o
 .comment       0x0000000000000033       0x34 CMakeFiles/pid.dir/home/nslnmusic/Pico/pico-sdk/src/rp2_common/pico_standard_binary_info/standard_binary_info.c.o
 .comment       0x0000000000000033       0x34 CMakeFiles/pid.dir/home/nslnmusic/Pico/pico-sdk/src/rp2_common/pico_printf/printf.c.o
 .comment       0x0000000000000033       0x34 CMakeFiles/pid.dir/home/nslnmusic/Pico/pico-sdk/src/rp2_common/pico_clib_interface/newlib_interface.c.o
 .comment       0x0000000000000033       0x34 CMakeFiles/pid.dir/home/nslnmusic/Pico/pico-sdk/src/rp2_common/pico_stdio/stdio.c.o
 .comment       0x0000000000000033       0x34 CMakeFiles/pid.dir/home/nslnmusic/Pico/pico-sdk/src/rp2_common/pico_stdio_uart/stdio_uart.c.o
 .comment       0x0000000000000033       0x34 CMakeFiles/pid.dir/home/nslnmusic/Pico/pico-sdk/src/rp2_common/pico_multicore/multicore.c.o
 .comment       0x0000000000000033       0x34 CMakeFiles/pid.dir/home/nslnmusic/Pico/pico-sdk/src/rp2_common/pico_bootsel_via_double_reset/pico_bootsel_via_double_reset.c.o
 .comment       0x0000000000000033       0x34 CMakeFiles/pid.dir/home/nslnmusic/Pico/pico-sdk/src/rp2_common/hardware_i2c/i2c.c.o
 .comment       0x0000000000000033       0x34 /usr/lib/gcc/arm-none-eabi/10.3.1/../../../arm-none-eabi/lib/thumb/v6-m/nofp/libg.a(lib_a-strlen-stub.o)
 .comment       0x0000000000000033       0x34 /usr/lib/gcc/arm-none-eabi/10.3.1/thumb/v6-m/nofp/crtend.o

.debug_info     0x0000000000000000    0x23ef5
 .debug_info    0x0000000000000000     0x38ed CMakeFiles/pid.dir/pid/temp_pid.cpp.o
 .debug_info    0x00000000000038ed     0x24d4 CMakeFiles/pid.dir/home/nslnmusic/Pico/pico-sdk/src/rp2_common/hardware_gpio/gpio.c.o
 .debug_info    0x0000000000005dc1      0x19c CMakeFiles/pid.dir/home/nslnmusic/Pico/pico-sdk/src/rp2_common/pico_platform_panic/panic.c.o
 .debug_info    0x0000000000005f5d      0xa39 CMakeFiles/pid.dir/home/nslnmusic/Pico/pico-sdk/src/common/hardware_claim/claim.c.o
 .debug_info    0x0000000000006996      0x3dd CMakeFiles/pid.dir/home/nslnmusic/Pico/pico-sdk/src/rp2_common/hardware_sync/sync.c.o
 .debug_info    0x0000000000006d73      0x242 CMakeFiles/pid.dir/home/nslnmusic/Pico/pico-sdk/src/rp2_common/hardware_sync_spin_lock/sync_spin_lock.c.o
 .debug_info    0x0000000000006fb5     0x21fa CMakeFiles/pid.dir/home/nslnmusic/Pico/pico-sdk/src/rp2_common/hardware_irq/irq.c.o
 .debug_info    0x00000000000091af      0x154 CMakeFiles/pid.dir/home/nslnmusic/Pico/pico-sdk/src/common/pico_sync/lock_core.c.o
 .debug_info    0x0000000000009303     0x2a97 CMakeFiles/pid.dir/home/nslnmusic/Pico/pico-sdk/src/common/pico_sync/mutex.c.o
 .debug_info    0x000000000000bd9a     0x49ac CMakeFiles/pid.dir/home/nslnmusic/Pico/pico-sdk/src/common/pico_time/time.c.o
 .debug_info    0x0000000000010746     0x2ac2 CMakeFiles/pid.dir/home/nslnmusic/Pico/pico-sdk/src/rp2_common/hardware_timer/timer.c.o
 .debug_info    0x0000000000013208     0x19c5 CMakeFiles/pid.dir/home/nslnmusic/Pico/pico-sdk/src/rp2_common/hardware_uart/uart.c.o
 .debug_info    0x0000000000014bcd     0x28ea CMakeFiles/pid.dir/home/nslnmusic/Pico/pico-sdk/src/rp2_common/hardware_clocks/clocks.c.o
 .debug_info    0x00000000000174b7      0x4f9 CMakeFiles/pid.dir/home/nslnmusic/Pico/pico-sdk/src/rp2_common/hardware_pll/pll.c.o
 .debug_info    0x00000000000179b0      0x242 CMakeFiles/pid.dir/home/nslnmusic/Pico/pico-sdk/src/rp2_common/hardware_ticks/ticks.c.o
 .debug_info    0x0000000000017bf2      0x4a4 CMakeFiles/pid.dir/home/nslnmusic/Pico/pico-sdk/src/rp2_common/pico_bootrom/bootrom.c.o
 .debug_info    0x0000000000018096      0x1c5 CMakeFiles/pid.dir/home/nslnmusic/Pico/pico-sdk/src/rp2_common/hardware_xosc/xosc.c.o
 .debug_info    0x000000000001825b      0x208 CMakeFiles/pid.dir/home/nslnmusic/Pico/pico-sdk/src/rp2_common/pico_runtime/runtime.c.o
 .debug_info    0x0000000000018463      0x7c4 CMakeFiles/pid.dir/home/nslnmusic/Pico/pico-sdk/src/rp2_common/pico_runtime_init/runtime_init.c.o
 .debug_info    0x0000000000018c27      0x701 CMakeFiles/pid.dir/home/nslnmusic/Pico/pico-sdk/src/rp2_common/pico_runtime_init/runtime_init_clocks.c.o
 .debug_info    0x0000000000019328       0x22 CMakeFiles/pid.dir/home/nslnmusic/Pico/pico-sdk/src/rp2_common/pico_bit_ops/bit_ops_aeabi.S.o
 .debug_info    0x000000000001934a       0x22 CMakeFiles/pid.dir/home/nslnmusic/Pico/pico-sdk/src/rp2_common/pico_divider/divider_hardware.S.o
 .debug_info    0x000000000001936c       0x22 CMakeFiles/pid.dir/home/nslnmusic/Pico/pico-sdk/src/rp2_common/pico_double/double_aeabi_rp2040.S.o
 .debug_info    0x000000000001938e      0x218 CMakeFiles/pid.dir/home/nslnmusic/Pico/pico-sdk/src/rp2_common/pico_double/double_init_rom_rp2040.c.o
 .debug_info    0x00000000000195a6       0x22 CMakeFiles/pid.dir/home/nslnmusic/Pico/pico-sdk/src/rp2_common/pico_double/double_v1_rom_shim_rp2040.S.o
 .debug_info    0x00000000000195c8       0x22 CMakeFiles/pid.dir/home/nslnmusic/Pico/pico-sdk/src/rp2_common/pico_float/float_aeabi_rp2040.S.o
 .debug_info    0x00000000000195ea      0x222 CMakeFiles/pid.dir/home/nslnmusic/Pico/pico-sdk/src/rp2_common/pico_float/float_init_rom_rp2040.c.o
 .debug_info    0x000000000001980c       0x22 CMakeFiles/pid.dir/home/nslnmusic/Pico/pico-sdk/src/rp2_common/pico_float/float_v1_rom_shim_rp2040.S.o
 .debug_info    0x000000000001982e      0x54c CMakeFiles/pid.dir/home/nslnmusic/Pico/pico-sdk/src/rp2_common/pico_malloc/malloc.c.o
 .debug_info    0x0000000000019d7a       0x22 CMakeFiles/pid.dir/home/nslnmusic/Pico/pico-sdk/src/rp2_common/pico_mem_ops/mem_ops_aeabi.S.o
 .debug_info    0x0000000000019d9c      0x2cb CMakeFiles/pid.dir/home/nslnmusic/Pico/pico-sdk/src/rp2_common/pico_standard_binary_info/standard_binary_info.c.o
 .debug_info    0x000000000001a067     0x21b1 CMakeFiles/pid.dir/home/nslnmusic/Pico/pico-sdk/src/rp2_common/pico_printf/printf.c.o
 .debug_info    0x000000000001c218       0x22 CMakeFiles/pid.dir/home/nslnmusic/Pico/pico-sdk/src/rp2_common/pico_crt0/crt0.S.o
 .debug_info    0x000000000001c23a      0xb4e CMakeFiles/pid.dir/home/nslnmusic/Pico/pico-sdk/src/rp2_common/pico_clib_interface/newlib_interface.c.o
 .debug_info    0x000000000001cd88     0x1ccb CMakeFiles/pid.dir/home/nslnmusic/Pico/pico-sdk/src/rp2_common/pico_stdio/stdio.c.o
 .debug_info    0x000000000001ea53     0x14df CMakeFiles/pid.dir/home/nslnmusic/Pico/pico-sdk/src/rp2_common/pico_stdio_uart/stdio_uart.c.o
 .debug_info    0x000000000001ff32     0x1f55 CMakeFiles/pid.dir/home/nslnmusic/Pico/pico-sdk/src/rp2_common/pico_multicore/multicore.c.o
 .debug_info    0x0000000000021e87      0x2c7 CMakeFiles/pid.dir/home/nslnmusic/Pico/pico-sdk/src/rp2_common/pico_bootsel_via_double_reset/pico_bootsel_via_double_reset.c.o
 .debug_info    0x000000000002214e     0x1c93 CMakeFiles/pid.dir/home/nslnmusic/Pico/pico-sdk/src/rp2_common/hardware_i2c/i2c.c.o
 .debug_info    0x0000000000023de1       0x26 /usr/lib/gcc/arm-none-eabi/10.3.1/thumb/v6-m/nofp/libgcc.a(_dvmd_tls.o)
 .debug_info    0x0000000000023e07       0xee /usr/lib/gcc/arm-none-eabi/10.3.1/../../../arm-none-eabi/lib/thumb/v6-m/nofp/libg.a(lib_a-strlen-stub.o)

.debug_abbrev   0x0000000000000000     0x5e9b
 .debug_abbrev  0x0000000000000000      0x604 CMakeFiles/pid.dir/pid/temp_pid.cpp.o
 .debug_abbrev  0x0000000000000604      0x4b6 CMakeFiles/pid.dir/home/nslnmusic/Pico/pico-sdk/src/rp2_common/hardware_gpio/gpio.c.o
 .debug_abbrev  0x0000000000000aba       0xf4 CMakeFiles/pid.dir/home/nslnmusic/Pico/pico-sdk/src/rp2_common/pico_platform_panic/panic.c.o
 .debug_abbrev  0x0000000000000bae      0x2e6 CMakeFiles/pid.dir/home/nslnmusic/Pico/pico-sdk/src/common/hardware_claim/claim.c.o
 .debug_abbrev  0x0000000000000e94      0x1de CMakeFiles/pid.dir/home/nslnmusic/Pico/pico-sdk/src/rp2_common/hardware_sync/sync.c.o
 .debug_abbrev  0x0000000000001072      0x1b2 CMakeFiles/pid.dir/home/nslnmusic/Pico/pico-sdk/src/rp2_common/hardware_sync_spin_lock/sync_spin_lock.c.o
 .debug_abbrev  0x0000000000001224      0x588 CMakeFiles/pid.dir/home/nslnmusic/Pico/pico-sdk/src/rp2_common/hardware_irq/irq.c.o
 .debug_abbrev  0x00000000000017ac       0xee CMakeFiles/pid.dir/home/nslnmusic/Pico/pico-sdk/src/common/pico_sync/lock_core.c.o
 .debug_abbrev  0x000000000000189a      0x413 CMakeFiles/pid.dir/home/nslnmusic/Pico/pico-sdk/src/common/pico_sync/mutex.c.o
 .debug_abbrev  0x0000000000001cad      0x606 CMakeFiles/pid.dir/home/nslnmusic/Pico/pico-sdk/src/common/pico_time/time.c.o
 .debug_abbrev  0x00000000000022b3      0x49d CMakeFiles/pid.dir/home/nslnmusic/Pico/pico-sdk/src/rp2_common/hardware_timer/timer.c.o
 .debug_abbrev  0x0000000000002750      0x315 CMakeFiles/pid.dir/home/nslnmusic/Pico/pico-sdk/src/rp2_common/hardware_uart/uart.c.o
 .debug_abbrev  0x0000000000002a65      0x49f CMakeFiles/pid.dir/home/nslnmusic/Pico/pico-sdk/src/rp2_common/hardware_clocks/clocks.c.o
 .debug_abbrev  0x0000000000002f04      0x1c6 CMakeFiles/pid.dir/home/nslnmusic/Pico/pico-sdk/src/rp2_common/hardware_pll/pll.c.o
 .debug_abbrev  0x00000000000030ca      0x141 CMakeFiles/pid.dir/home/nslnmusic/Pico/pico-sdk/src/rp2_common/hardware_ticks/ticks.c.o
 .debug_abbrev  0x000000000000320b      0x1d9 CMakeFiles/pid.dir/home/nslnmusic/Pico/pico-sdk/src/rp2_common/pico_bootrom/bootrom.c.o
 .debug_abbrev  0x00000000000033e4      0x118 CMakeFiles/pid.dir/home/nslnmusic/Pico/pico-sdk/src/rp2_common/hardware_xosc/xosc.c.o
 .debug_abbrev  0x00000000000034fc      0x16c CMakeFiles/pid.dir/home/nslnmusic/Pico/pico-sdk/src/rp2_common/pico_runtime/runtime.c.o
 .debug_abbrev  0x0000000000003668      0x20c CMakeFiles/pid.dir/home/nslnmusic/Pico/pico-sdk/src/rp2_common/pico_runtime_init/runtime_init.c.o
 .debug_abbrev  0x0000000000003874      0x246 CMakeFiles/pid.dir/home/nslnmusic/Pico/pico-sdk/src/rp2_common/pico_runtime_init/runtime_init_clocks.c.o
 .debug_abbrev  0x0000000000003aba       0x12 CMakeFiles/pid.dir/home/nslnmusic/Pico/pico-sdk/src/rp2_common/pico_bit_ops/bit_ops_aeabi.S.o
 .debug_abbrev  0x0000000000003acc       0x12 CMakeFiles/pid.dir/home/nslnmusic/Pico/pico-sdk/src/rp2_common/pico_divider/divider_hardware.S.o
 .debug_abbrev  0x0000000000003ade       0x12 CMakeFiles/pid.dir/home/nslnmusic/Pico/pico-sdk/src/rp2_common/pico_double/double_aeabi_rp2040.S.o
 .debug_abbrev  0x0000000000003af0      0x15c CMakeFiles/pid.dir/home/nslnmusic/Pico/pico-sdk/src/rp2_common/pico_double/double_init_rom_rp2040.c.o
 .debug_abbrev  0x0000000000003c4c       0x12 CMakeFiles/pid.dir/home/nslnmusic/Pico/pico-sdk/src/rp2_common/pico_double/double_v1_rom_shim_rp2040.S.o
 .debug_abbrev  0x0000000000003c5e       0x12 CMakeFiles/pid.dir/home/nslnmusic/Pico/pico-sdk/src/rp2_common/pico_float/float_aeabi_rp2040.S.o
 .debug_abbrev  0x0000000000003c70      0x15c CMakeFiles/pid.dir/home/nslnmusic/Pico/pico-sdk/src/rp2_common/pico_float/float_init_rom_rp2040.c.o
 .debug_abbrev  0x0000000000003dcc       0x12 CMakeFiles/pid.dir/home/nslnmusic/Pico/pico-sdk/src/rp2_common/pico_float/float_v1_rom_shim_rp2040.S.o
 .debug_abbrev  0x0000000000003dde      0x1b4 CMakeFiles/pid.dir/home/nslnmusic/Pico/pico-sdk/src/rp2_common/pico_malloc/malloc.c.o
 .debug_abbrev  0x0000000000003f92       0x12 CMakeFiles/pid.dir/home/nslnmusic/Pico/pico-sdk/src/rp2_common/pico_mem_ops/mem_ops_aeabi.S.o
 .debug_abbrev  0x0000000000003fa4       0xad CMakeFiles/pid.dir/home/nslnmusic/Pico/pico-sdk/src/rp2_common/pico_standard_binary_info/standard_binary_info.c.o
 .debug_abbrev  0x0000000000004051      0x517 CMakeFiles/pid.dir/home/nslnmusic/Pico/pico-sdk/src/rp2_common/pico_printf/printf.c.o
 .debug_abbrev  0x0000000000004568       0x12 CMakeFiles/pid.dir/home/nslnmusic/Pico/pico-sdk/src/rp2_common/pico_crt0/crt0.S.o
 .debug_abbrev  0x000000000000457a      0x315 CMakeFiles/pid.dir/home/nslnmusic/Pico/pico-sdk/src/rp2_common/pico_clib_interface/newlib_interface.c.o
 .debug_abbrev  0x000000000000488f      0x58d CMakeFiles/pid.dir/home/nslnmusic/Pico/pico-sdk/src/rp2_common/pico_stdio/stdio.c.o
 .debug_abbrev  0x0000000000004e1c      0x43b CMakeFiles/pid.dir/home/nslnmusic/Pico/pico-sdk/src/rp2_common/pico_stdio_uart/stdio_uart.c.o
 .debug_abbrev  0x0000000000005257      0x57a CMakeFiles/pid.dir/home/nslnmusic/Pico/pico-sdk/src/rp2_common/pico_multicore/multicore.c.o
 .debug_abbrev  0x00000000000057d1      0x1d7 CMakeFiles/pid.dir/home/nslnmusic/Pico/pico-sdk/src/rp2_common/pico_bootsel_via_double_reset/pico_bootsel_via_double_reset.c.o
 .debug_abbrev  0x00000000000059a8      0x450 CMakeFiles/pid.dir/home/nslnmusic/Pico/pico-sdk/src/rp2_common/hardware_i2c/i2c.c.o
 .debug_abbrev  0x0000000000005df8       0x14 /usr/lib/gcc/arm-none-eabi/10.3.1/thumb/v6-m/nofp/libgcc.a(_dvmd_tls.o)
 .debug_abbrev  0x0000000000005e0c       0x8f /usr/lib/gcc/arm-none-eabi/10.3.1/../../../arm-none-eabi/lib/thumb/v6-m/nofp/libg.a(lib_a-strlen-stub.o)

.debug_loc      0x0000000000000000    0x1c10f
 .debug_loc     0x0000000000000000      0xa11 CMakeFiles/pid.dir/pid/temp_pid.cpp.o
 .debug_loc     0x0000000000000a11     0x2956 CMakeFiles/pid.dir/home/nslnmusic/Pico/pico-sdk/src/rp2_common/hardware_gpio/gpio.c.o
 .debug_loc     0x0000000000003367      0x6c7 CMakeFiles/pid.dir/home/nslnmusic/Pico/pico-sdk/src/common/hardware_claim/claim.c.o
 .debug_loc     0x0000000000003a2e      0x154 CMakeFiles/pid.dir/home/nslnmusic/Pico/pico-sdk/src/rp2_common/hardware_sync/sync.c.o
 .debug_loc     0x0000000000003b82       0xb5 CMakeFiles/pid.dir/home/nslnmusic/Pico/pico-sdk/src/rp2_common/hardware_sync_spin_lock/sync_spin_lock.c.o
 .debug_loc     0x0000000000003c37     0x1b3c CMakeFiles/pid.dir/home/nslnmusic/Pico/pico-sdk/src/rp2_common/hardware_irq/irq.c.o
 .debug_loc     0x0000000000005773       0x4d CMakeFiles/pid.dir/home/nslnmusic/Pico/pico-sdk/src/common/pico_sync/lock_core.c.o
 .debug_loc     0x00000000000057c0     0x1b8e CMakeFiles/pid.dir/home/nslnmusic/Pico/pico-sdk/src/common/pico_sync/mutex.c.o
 .debug_loc     0x000000000000734e     0x401c CMakeFiles/pid.dir/home/nslnmusic/Pico/pico-sdk/src/common/pico_time/time.c.o
 .debug_loc     0x000000000000b36a     0x2541 CMakeFiles/pid.dir/home/nslnmusic/Pico/pico-sdk/src/rp2_common/hardware_timer/timer.c.o
 .debug_loc     0x000000000000d8ab     0x1476 CMakeFiles/pid.dir/home/nslnmusic/Pico/pico-sdk/src/rp2_common/hardware_uart/uart.c.o
 .debug_loc     0x000000000000ed21     0x31ea CMakeFiles/pid.dir/home/nslnmusic/Pico/pico-sdk/src/rp2_common/hardware_clocks/clocks.c.o
 .debug_loc     0x0000000000011f0b      0x28f CMakeFiles/pid.dir/home/nslnmusic/Pico/pico-sdk/src/rp2_common/hardware_pll/pll.c.o
 .debug_loc     0x000000000001219a       0x57 CMakeFiles/pid.dir/home/nslnmusic/Pico/pico-sdk/src/rp2_common/hardware_ticks/ticks.c.o
 .debug_loc     0x00000000000121f1      0x4a4 CMakeFiles/pid.dir/home/nslnmusic/Pico/pico-sdk/src/rp2_common/pico_bootrom/bootrom.c.o
 .debug_loc     0x0000000000012695       0x71 CMakeFiles/pid.dir/home/nslnmusic/Pico/pico-sdk/src/rp2_common/hardware_xosc/xosc.c.o
 .debug_loc     0x0000000000012706       0xbc CMakeFiles/pid.dir/home/nslnmusic/Pico/pico-sdk/src/rp2_common/pico_runtime/runtime.c.o
 .debug_loc     0x00000000000127c2      0x11c CMakeFiles/pid.dir/home/nslnmusic/Pico/pico-sdk/src/rp2_common/pico_runtime_init/runtime_init.c.o
 .debug_loc     0x00000000000128de       0xa7 CMakeFiles/pid.dir/home/nslnmusic/Pico/pico-sdk/src/rp2_common/pico_runtime_init/runtime_init_clocks.c.o
 .debug_loc     0x0000000000012985       0x44 CMakeFiles/pid.dir/home/nslnmusic/Pico/pico-sdk/src/rp2_common/pico_double/double_init_rom_rp2040.c.o
 .debug_loc     0x00000000000129c9       0x82 CMakeFiles/pid.dir/home/nslnmusic/Pico/pico-sdk/src/rp2_common/pico_float/float_init_rom_rp2040.c.o
 .debug_loc     0x0000000000012a4b      0x313 CMakeFiles/pid.dir/home/nslnmusic/Pico/pico-sdk/src/rp2_common/pico_malloc/malloc.c.o
 .debug_loc     0x0000000000012d5e     0x3c08 CMakeFiles/pid.dir/home/nslnmusic/Pico/pico-sdk/src/rp2_common/pico_printf/printf.c.o
 .debug_loc     0x0000000000016966      0x5b1 CMakeFiles/pid.dir/home/nslnmusic/Pico/pico-sdk/src/rp2_common/pico_clib_interface/newlib_interface.c.o
 .debug_loc     0x0000000000016f17     0x1565 CMakeFiles/pid.dir/home/nslnmusic/Pico/pico-sdk/src/rp2_common/pico_stdio/stdio.c.o
 .debug_loc     0x000000000001847c      0xa4e CMakeFiles/pid.dir/home/nslnmusic/Pico/pico-sdk/src/rp2_common/pico_stdio_uart/stdio_uart.c.o
 .debug_loc     0x0000000000018eca     0x11f5 CMakeFiles/pid.dir/home/nslnmusic/Pico/pico-sdk/src/rp2_common/pico_multicore/multicore.c.o
 .debug_loc     0x000000000001a0bf       0x97 CMakeFiles/pid.dir/home/nslnmusic/Pico/pico-sdk/src/rp2_common/pico_bootsel_via_double_reset/pico_bootsel_via_double_reset.c.o
 .debug_loc     0x000000000001a156     0x1f29 CMakeFiles/pid.dir/home/nslnmusic/Pico/pico-sdk/src/rp2_common/hardware_i2c/i2c.c.o
 .debug_loc     0x000000000001c07f       0x90 /usr/lib/gcc/arm-none-eabi/10.3.1/../../../arm-none-eabi/lib/thumb/v6-m/nofp/libg.a(lib_a-strlen-stub.o)

.debug_aranges  0x0000000000000000     0x10e8
 .debug_aranges
                0x0000000000000000       0x40 CMakeFiles/pid.dir/pid/temp_pid.cpp.o
 .debug_aranges
                0x0000000000000040      0x120 CMakeFiles/pid.dir/home/nslnmusic/Pico/pico-sdk/src/rp2_common/hardware_gpio/gpio.c.o
 .debug_aranges
                0x0000000000000160       0x28 CMakeFiles/pid.dir/home/nslnmusic/Pico/pico-sdk/src/rp2_common/pico_platform_panic/panic.c.o
 .debug_aranges
                0x0000000000000188       0x48 CMakeFiles/pid.dir/home/nslnmusic/Pico/pico-sdk/src/common/hardware_claim/claim.c.o
 .debug_aranges
                0x00000000000001d0       0x48 CMakeFiles/pid.dir/home/nslnmusic/Pico/pico-sdk/src/rp2_common/hardware_sync/sync.c.o
 .debug_aranges
                0x0000000000000218       0x28 CMakeFiles/pid.dir/home/nslnmusic/Pico/pico-sdk/src/rp2_common/hardware_sync_spin_lock/sync_spin_lock.c.o
 .debug_aranges
                0x0000000000000240       0xb0 CMakeFiles/pid.dir/home/nslnmusic/Pico/pico-sdk/src/rp2_common/hardware_irq/irq.c.o
 .debug_aranges
                0x00000000000002f0       0x20 CMakeFiles/pid.dir/home/nslnmusic/Pico/pico-sdk/src/common/pico_sync/lock_core.c.o
 .debug_aranges
                0x0000000000000310       0x98 CMakeFiles/pid.dir/home/nslnmusic/Pico/pico-sdk/src/common/pico_sync/mutex.c.o
 .debug_aranges
                0x00000000000003a8       0xe0 CMakeFiles/pid.dir/home/nslnmusic/Pico/pico-sdk/src/common/pico_time/time.c.o
 .debug_aranges
                0x0000000000000488       0xf0 CMakeFiles/pid.dir/home/nslnmusic/Pico/pico-sdk/src/rp2_common/hardware_timer/timer.c.o
 .debug_aranges
                0x0000000000000578       0x58 CMakeFiles/pid.dir/home/nslnmusic/Pico/pico-sdk/src/rp2_common/hardware_uart/uart.c.o
 .debug_aranges
                0x00000000000005d0       0x90 CMakeFiles/pid.dir/home/nslnmusic/Pico/pico-sdk/src/rp2_common/hardware_clocks/clocks.c.o
 .debug_aranges
                0x0000000000000660       0x28 CMakeFiles/pid.dir/home/nslnmusic/Pico/pico-sdk/src/rp2_common/hardware_pll/pll.c.o
 .debug_aranges
                0x0000000000000688       0x30 CMakeFiles/pid.dir/home/nslnmusic/Pico/pico-sdk/src/rp2_common/hardware_ticks/ticks.c.o
 .debug_aranges
                0x00000000000006b8       0x40 CMakeFiles/pid.dir/home/nslnmusic/Pico/pico-sdk/src/rp2_common/pico_bootrom/bootrom.c.o
 .debug_aranges
                0x00000000000006f8       0x30 CMakeFiles/pid.dir/home/nslnmusic/Pico/pico-sdk/src/rp2_common/hardware_xosc/xosc.c.o
 .debug_aranges
                0x0000000000000728       0x38 CMakeFiles/pid.dir/home/nslnmusic/Pico/pico-sdk/src/rp2_common/pico_runtime/runtime.c.o
 .debug_aranges
                0x0000000000000760       0x48 CMakeFiles/pid.dir/home/nslnmusic/Pico/pico-sdk/src/rp2_common/pico_runtime_init/runtime_init.c.o
 .debug_aranges
                0x00000000000007a8       0x20 CMakeFiles/pid.dir/home/nslnmusic/Pico/pico-sdk/src/rp2_common/pico_runtime_init/runtime_init_clocks.c.o
 .debug_aranges
                0x00000000000007c8       0x60 CMakeFiles/pid.dir/home/nslnmusic/Pico/pico-sdk/src/rp2_common/pico_bit_ops/bit_ops_aeabi.S.o
 .debug_aranges
                0x0000000000000828       0x40 CMakeFiles/pid.dir/home/nslnmusic/Pico/pico-sdk/src/rp2_common/pico_divider/divider_hardware.S.o
 .debug_aranges
                0x0000000000000868      0x140 CMakeFiles/pid.dir/home/nslnmusic/Pico/pico-sdk/src/rp2_common/pico_double/double_aeabi_rp2040.S.o
 .debug_aranges
                0x00000000000009a8       0x20 CMakeFiles/pid.dir/home/nslnmusic/Pico/pico-sdk/src/rp2_common/pico_double/double_init_rom_rp2040.c.o
 .debug_aranges
                0x00000000000009c8       0xc8 CMakeFiles/pid.dir/home/nslnmusic/Pico/pico-sdk/src/rp2_common/pico_double/double_v1_rom_shim_rp2040.S.o
 .debug_aranges
                0x0000000000000a90      0x130 CMakeFiles/pid.dir/home/nslnmusic/Pico/pico-sdk/src/rp2_common/pico_float/float_aeabi_rp2040.S.o
 .debug_aranges
                0x0000000000000bc0       0x20 CMakeFiles/pid.dir/home/nslnmusic/Pico/pico-sdk/src/rp2_common/pico_float/float_init_rom_rp2040.c.o
 .debug_aranges
                0x0000000000000be0       0x50 CMakeFiles/pid.dir/home/nslnmusic/Pico/pico-sdk/src/rp2_common/pico_float/float_v1_rom_shim_rp2040.S.o
 .debug_aranges
                0x0000000000000c30       0x38 CMakeFiles/pid.dir/home/nslnmusic/Pico/pico-sdk/src/rp2_common/pico_malloc/malloc.c.o
 .debug_aranges
                0x0000000000000c68       0x38 CMakeFiles/pid.dir/home/nslnmusic/Pico/pico-sdk/src/rp2_common/pico_mem_ops/mem_ops_aeabi.S.o
 .debug_aranges
                0x0000000000000ca0       0x18 CMakeFiles/pid.dir/home/nslnmusic/Pico/pico-sdk/src/rp2_common/pico_standard_binary_info/standard_binary_info.c.o
 .debug_aranges
                0x0000000000000cb8       0x90 CMakeFiles/pid.dir/home/nslnmusic/Pico/pico-sdk/src/rp2_common/pico_printf/printf.c.o
 .debug_aranges
                0x0000000000000d48       0x28 CMakeFiles/pid.dir/home/nslnmusic/Pico/pico-sdk/src/rp2_common/pico_crt0/crt0.S.o
 .debug_aranges
                0x0000000000000d70       0xa0 CMakeFiles/pid.dir/home/nslnmusic/Pico/pico-sdk/src/rp2_common/pico_clib_interface/newlib_interface.c.o
 .debug_aranges
                0x0000000000000e10       0xc8 CMakeFiles/pid.dir/home/nslnmusic/Pico/pico-sdk/src/rp2_common/pico_stdio/stdio.c.o
 .debug_aranges
                0x0000000000000ed8       0x70 CMakeFiles/pid.dir/home/nslnmusic/Pico/pico-sdk/src/rp2_common/pico_stdio_uart/stdio_uart.c.o
 .debug_aranges
                0x0000000000000f48       0xa8 CMakeFiles/pid.dir/home/nslnmusic/Pico/pico-sdk/src/rp2_common/pico_multicore/multicore.c.o
 .debug_aranges
                0x0000000000000ff0       0x20 CMakeFiles/pid.dir/home/nslnmusic/Pico/pico-sdk/src/rp2_common/pico_bootsel_via_double_reset/pico_bootsel_via_double_reset.c.o
 .debug_aranges
                0x0000000000001010       0x98 CMakeFiles/pid.dir/home/nslnmusic/Pico/pico-sdk/src/rp2_common/hardware_i2c/i2c.c.o
 .debug_aranges
                0x00000000000010a8       0x20 /usr/lib/gcc/arm-none-eabi/10.3.1/thumb/v6-m/nofp/libgcc.a(_dvmd_tls.o)
 .debug_aranges
                0x00000000000010c8       0x20 /usr/lib/gcc/arm-none-eabi/10.3.1/../../../arm-none-eabi/lib/thumb/v6-m/nofp/libg.a(lib_a-strlen-stub.o)

.debug_ranges   0x0000000000000000     0xa3a8
 .debug_ranges  0x0000000000000000      0x428 CMakeFiles/pid.dir/pid/temp_pid.cpp.o
 .debug_ranges  0x0000000000000428      0xd28 CMakeFiles/pid.dir/home/nslnmusic/Pico/pico-sdk/src/rp2_common/hardware_gpio/gpio.c.o
 .debug_ranges  0x0000000000001150       0x18 CMakeFiles/pid.dir/home/nslnmusic/Pico/pico-sdk/src/rp2_common/pico_platform_panic/panic.c.o
 .debug_ranges  0x0000000000001168      0x440 CMakeFiles/pid.dir/home/nslnmusic/Pico/pico-sdk/src/common/hardware_claim/claim.c.o
 .debug_ranges  0x00000000000015a8       0xd8 CMakeFiles/pid.dir/home/nslnmusic/Pico/pico-sdk/src/rp2_common/hardware_sync/sync.c.o
 .debug_ranges  0x0000000000001680       0xa8 CMakeFiles/pid.dir/home/nslnmusic/Pico/pico-sdk/src/rp2_common/hardware_sync_spin_lock/sync_spin_lock.c.o
 .debug_ranges  0x0000000000001728      0xa38 CMakeFiles/pid.dir/home/nslnmusic/Pico/pico-sdk/src/rp2_common/hardware_irq/irq.c.o
 .debug_ranges  0x0000000000002160       0x28 CMakeFiles/pid.dir/home/nslnmusic/Pico/pico-sdk/src/common/pico_sync/lock_core.c.o
 .debug_ranges  0x0000000000002188     0x16b0 CMakeFiles/pid.dir/home/nslnmusic/Pico/pico-sdk/src/common/pico_sync/mutex.c.o
 .debug_ranges  0x0000000000003838     0x1e68 CMakeFiles/pid.dir/home/nslnmusic/Pico/pico-sdk/src/common/pico_time/time.c.o
 .debug_ranges  0x00000000000056a0      0xe68 CMakeFiles/pid.dir/home/nslnmusic/Pico/pico-sdk/src/rp2_common/hardware_timer/timer.c.o
 .debug_ranges  0x0000000000006508      0x820 CMakeFiles/pid.dir/home/nslnmusic/Pico/pico-sdk/src/rp2_common/hardware_uart/uart.c.o
 .debug_ranges  0x0000000000006d28      0xac8 CMakeFiles/pid.dir/home/nslnmusic/Pico/pico-sdk/src/rp2_common/hardware_clocks/clocks.c.o
 .debug_ranges  0x00000000000077f0       0xd8 CMakeFiles/pid.dir/home/nslnmusic/Pico/pico-sdk/src/rp2_common/hardware_pll/pll.c.o
 .debug_ranges  0x00000000000078c8       0x38 CMakeFiles/pid.dir/home/nslnmusic/Pico/pico-sdk/src/rp2_common/hardware_ticks/ticks.c.o
 .debug_ranges  0x0000000000007900      0x118 CMakeFiles/pid.dir/home/nslnmusic/Pico/pico-sdk/src/rp2_common/pico_bootrom/bootrom.c.o
 .debug_ranges  0x0000000000007a18       0x38 CMakeFiles/pid.dir/home/nslnmusic/Pico/pico-sdk/src/rp2_common/hardware_xosc/xosc.c.o
 .debug_ranges  0x0000000000007a50       0x58 CMakeFiles/pid.dir/home/nslnmusic/Pico/pico-sdk/src/rp2_common/pico_runtime/runtime.c.o
 .debug_ranges  0x0000000000007aa8       0xb0 CMakeFiles/pid.dir/home/nslnmusic/Pico/pico-sdk/src/rp2_common/pico_runtime_init/runtime_init.c.o
 .debug_ranges  0x0000000000007b58       0x28 CMakeFiles/pid.dir/home/nslnmusic/Pico/pico-sdk/src/rp2_common/pico_runtime_init/runtime_init_clocks.c.o
 .debug_ranges  0x0000000000007b80       0x58 CMakeFiles/pid.dir/home/nslnmusic/Pico/pico-sdk/src/rp2_common/pico_bit_ops/bit_ops_aeabi.S.o
 .debug_ranges  0x0000000000007bd8       0x38 CMakeFiles/pid.dir/home/nslnmusic/Pico/pico-sdk/src/rp2_common/pico_divider/divider_hardware.S.o
 .debug_ranges  0x0000000000007c10      0x138 CMakeFiles/pid.dir/home/nslnmusic/Pico/pico-sdk/src/rp2_common/pico_double/double_aeabi_rp2040.S.o
 .debug_ranges  0x0000000000007d48       0x30 CMakeFiles/pid.dir/home/nslnmusic/Pico/pico-sdk/src/rp2_common/pico_double/double_init_rom_rp2040.c.o
 .debug_ranges  0x0000000000007d78       0xc0 CMakeFiles/pid.dir/home/nslnmusic/Pico/pico-sdk/src/rp2_common/pico_double/double_v1_rom_shim_rp2040.S.o